Archive member included to satisfy reference by file (symbol)

/opt/devkitpro/libnx/lib/libnx.a(applet.o)
                              main.o (appletMainLoop)
/opt/devkitpro/libnx/lib/libnx.a(sm.o)
                              /opt/devkitpro/libnx/lib/libnx.a(applet.o) (smGetServiceWrapper)
/opt/devkitpro/libnx/lib/libnx.a(diag.o)
                              /opt/devkitpro/libnx/lib/libnx.a(applet.o) (diagAbortWithResult)
/opt/devkitpro/libnx/lib/libnx.a(env.o)
                              /opt/devkitpro/libnx/lib/libnx.a(applet.o) (envIsNso)
/opt/devkitpro/libnx/lib/libnx.a(hosversion.o)
                              /opt/devkitpro/libnx/lib/libnx.a(applet.o) (hosversionGet)
/opt/devkitpro/libnx/lib/libnx.a(pad.o)
                              main.o (padConfigureInput)
/opt/devkitpro/libnx/lib/libnx.a(console.o)
                              main.o (consoleInit)
/opt/devkitpro/libnx/lib/libnx.a(console_sw.o)
                              /opt/devkitpro/libnx/lib/libnx.a(console.o) (getDefaultConsoleRenderer)
/opt/devkitpro/libnx/lib/libnx.a(svc.o)
                              /opt/devkitpro/libnx/lib/libnx.a(applet.o) (svcExitProcess)
/opt/devkitpro/libnx/lib/libnx.a(switch_crt0.o)
                              (_start)
/opt/devkitpro/libnx/lib/libnx.a(default_font.bin.o)
                              /opt/devkitpro/libnx/lib/libnx.a(console.o) (default_font_bin)
/opt/devkitpro/libnx/lib/libnx.a(event.o)
                              /opt/devkitpro/libnx/lib/libnx.a(applet.o) (eventLoadRemote)
/opt/devkitpro/libnx/lib/libnx.a(mutex.o)
                              /opt/devkitpro/libnx/lib/libnx.a(applet.o) (mutexLock)
/opt/devkitpro/libnx/lib/libnx.a(tmem.o)
                              /opt/devkitpro/libnx/lib/libnx.a(applet.o) (tmemCreate)
/opt/devkitpro/libnx/lib/libnx.a(virtmem.o)
                              /opt/devkitpro/libnx/lib/libnx.a(tmem.o) (virtmemLock)
/opt/devkitpro/libnx/lib/libnx.a(wait.o)
                              /opt/devkitpro/libnx/lib/libnx.a(applet.o) (waitObjects)
/opt/devkitpro/libnx/lib/libnx.a(apm.o)
                              /opt/devkitpro/libnx/lib/libnx.a(applet.o) (apmInitialize)
/opt/devkitpro/libnx/lib/libnx.a(hid.o)
                              /opt/devkitpro/libnx/lib/libnx.a(pad.o) (hidGetNpadStyleSet)
/opt/devkitpro/libnx/lib/libnx.a(default_window.o)
                              /opt/devkitpro/libnx/lib/libnx.a(console_sw.o) (nwindowGetDefault)
/opt/devkitpro/libnx/lib/libnx.a(framebuffer.o)
                              /opt/devkitpro/libnx/lib/libnx.a(console_sw.o) (framebufferMakeLinear)
/opt/devkitpro/libnx/lib/libnx.a(native_window.o)
                              /opt/devkitpro/libnx/lib/libnx.a(framebuffer.o) (nwindowIsValid)
/opt/devkitpro/libnx/lib/libnx.a(alloc.o)
                              /opt/devkitpro/libnx/lib/libnx.a(virtmem.o) (__libnx_alloc)
/opt/devkitpro/libnx/lib/libnx.a(argv.o)
                              /opt/devkitpro/libnx/lib/libnx.a(switch_crt0.o) (__system_argc)
/opt/devkitpro/libnx/lib/libnx.a(dynamic.o)
                              /opt/devkitpro/libnx/lib/libnx.a(switch_crt0.o) (__nx_dynamic)
/opt/devkitpro/libnx/lib/libnx.a(init.o)
                              /opt/devkitpro/libnx/lib/libnx.a(switch_crt0.o) (__libnx_init)
/opt/devkitpro/libnx/lib/libnx.a(newlib.o)
                              /opt/devkitpro/libnx/lib/libnx.a(init.o) (__libnx_init_time)
/opt/devkitpro/libnx/lib/libnx.a(nxlink.o)
                              /opt/devkitpro/libnx/lib/libnx.a(argv.o) (nxlinkSetup)
/opt/devkitpro/libnx/lib/libnx.a(fs_dev.o)
                              /opt/devkitpro/libnx/lib/libnx.a(init.o) (fsdevMountSdmc)
/opt/devkitpro/libnx/lib/libnx.a(path_buf.o)
                              /opt/devkitpro/libnx/lib/libnx.a(fs_dev.o) (__nx_dev_path_buf)
/opt/devkitpro/libnx/lib/libnx.a(decode_utf8.o)
                              /opt/devkitpro/libnx/lib/libnx.a(fs_dev.o) (decode_utf8)
/opt/devkitpro/libnx/lib/libnx.a(cache.o)
                              /opt/devkitpro/libnx/lib/libnx.a(framebuffer.o) (armDCacheFlush)
/opt/devkitpro/libnx/lib/libnx.a(exception.o)
                              /opt/devkitpro/libnx/lib/libnx.a(switch_crt0.o) (__libnx_exception_entry)
/opt/devkitpro/libnx/lib/libnx.a(readtp.o)
                              /opt/devkitpro/libnx/lib/libnx.a(fs_dev.o) (__aarch64_read_tp)
/opt/devkitpro/libnx/lib/libnx.a(condvar.o)
                              /opt/devkitpro/libnx/lib/libnx.a(newlib.o) (condvarWaitTimeout)
/opt/devkitpro/libnx/lib/libnx.a(random.o)
                              /opt/devkitpro/libnx/lib/libnx.a(virtmem.o) (randomGet64)
/opt/devkitpro/libnx/lib/libnx.a(shmem.o)
                              /opt/devkitpro/libnx/lib/libnx.a(hid.o) (shmemLoadRemote)
/opt/devkitpro/libnx/lib/libnx.a(thread.o)
                              /opt/devkitpro/libnx/lib/libnx.a(init.o) (__libnx_init_thread)
/opt/devkitpro/libnx/lib/libnx.a(fs.o)
[...]
Memory Configuration

Name             Origin             Length             Attributes
*default*        0x0000000000000000 0xffffffffffffffff

Linker script and memory map

                0x0000000000000000                PROVIDE (__start__ = 0x0)
                0x0000000000000000                . = __start__
                [!provide]                        PROVIDE (__code_start = .)

.text           0x0000000000000000    0x27948
 *(.crt0)
 .crt0          0x0000000000000000      0x124 /opt/devkitpro/libnx/lib/libnx.a(switch_crt0.o)
                0x0000000000000000                _start
                0x00000000000000e0                __nx_exit
                0x00000000000000f0                __nx_mod0
 *(.text.unlikely .text.*_unlikely .text.unlikely.*)
 *(.text.exit .text.exit.*)
 *fill*         0x0000000000000124       0x1c 
 .text.exit     0x0000000000000140       0x34 /opt/devkitpro/devkitA64/bin/../lib/gcc/aarch64-none-elf/15.1.0/../../../../aarch64-none-elf/lib/pic/libg.a(libc_a-exit.o)
                0x0000000000000140                exit
 *(.text.startup .text.startup.*)
 *fill*         0x0000000000000174        0xc 
 .text.startup.main
                0x0000000000000180       0x70 main.o
                0x0000000000000180                main
 *(.text.hot .text.hot.*)
 *(.text .stub .text.* .gnu.linkonce.t.*)
 *fill*         0x00000000000001f0       0x10 
 .text.__do_global_dtors_aux
                0x0000000000000200       0x50 /opt/devkitpro/devkitA64/bin/../lib/gcc/aarch64-none-elf/15.1.0/pic/crtbegin.o
 *fill*         0x0000000000000250       0x10 
 .text.frame_dummy
                0x0000000000000260       0x24 /opt/devkitpro/devkitA64/bin/../lib/gcc/aarch64-none-elf/15.1.0/pic/crtbegin.o
 *fill*         0x0000000000000284        0xc 
 .text._appletInfiniteSleepLoop
                0x0000000000000290       0x18 /opt/devkitpro/libnx/lib/libnx.a(applet.o)
 *fill*         0x00000000000002a8        0x8 
 .text._appletCmdGetSession
                0x00000000000002b0      0x108 /opt/devkitpro/libnx/lib/libnx.a(applet.o)
 *fill*         0x00000000000003b8        0x8 
 .text._appletCmdInU8NoOut
                0x00000000000003c0       0xcc /opt/devkitpro/libnx/lib/libnx.a(applet.o)
 *fill*         0x000000000000048c        0x4 
 .text._appletCmdInU32NoOut
                0x0000000000000490       0xcc /opt/devkitpro/libnx/lib/libnx.a(applet.o)
 *fill*         0x000000000000055c        0x4 
 .text._appletGetSessionProxy.constprop.0
                0x0000000000000560      0x12c /opt/devkitpro/libnx/lib/libnx.a(applet.o)
 *fill*         0x000000000000068c        0x4 
 .text._appletOpenLibraryAppletProxy.constprop.0
                0x0000000000000690      0x148 /opt/devkitpro/libnx/lib/libnx.a(applet.o)
 *fill*         0x00000000000007d8        0x8 
 .text._appletCmdGetEvent
                0x00000000000007e0       0xf8 /opt/devkitpro/libnx/lib/libnx.a(applet.o)
 *fill*         0x00000000000008d8        0x8 
 .text._appletCmdNoInOutU8.isra.0
                0x00000000000008e0       0xd4 /opt/devkitpro/libnx/lib/libnx.a(applet.o)
 *fill*         0x00000000000009b4        0xc 
 .text._appletCmdNoInOutU32.isra.0
                0x00000000000009c0       0xd4 /opt/devkitpro/libnx/lib/libnx.a(applet.o)
 *fill*         0x0000000000000a94        0xc 
 .text._appletCmdNoInOutU64.isra.0
                0x0000000000000aa0       0xd4 /opt/devkitpro/libnx/lib/libnx.a(applet.o)
 *fill*         0x0000000000000b74        0xc 
 .text._appletCmdNoIO.isra.0
                0x0000000000000b80       0xc0 /opt/devkitpro/libnx/lib/libnx.a(applet.o)
 .text.appletGetAppletType
                0x0000000000000c40       0x10 /opt/devkitpro/libnx/lib/libnx.a(applet.o)
                0x0000000000000c40                appletGetAppletType
 .text.appletSetFocusHandlingMode
                0x0000000000000c50      0x1b8 /opt/devkitpro/libnx/lib/libnx.a(applet.o)
                0x0000000000000c50                appletSetFocusHandlingMode
 *fill*         0x0000000000000e08        0x8 
 .text.appletSetCpuBoostMode
                0x0000000000000e10       0x5c /opt/devkitpro/libnx/lib/libnx.a(applet.o)
                0x0000000000000e10                appletSetCpuBoostMode
 *fill*         0x0000000000000e6c        0x4 
 .text.appletCreateManagedDisplayLayer
                0x0000000000000e70       0x2c /opt/devkitpro/libnx/lib/libnx.a(applet.o)
                0x0000000000000e70                appletCreateManagedDisplayLayer
 *fill*         0x0000000000000e9c        0x4 
 .text.appletGetAppletResourceUserId
                0x0000000000000ea0        0xc /opt/devkitpro/libnx/lib/libnx.a(applet.o)
                0x0000000000000ea0                appletGetAppletResourceUserId
 *fill*         0x0000000000000eac        0x4 
 .text._appletHolderCreateState
                0x0000000000000eb0      0x138 /opt/devkitpro/libnx/lib/libnx.a(applet.o)
 *fill*         0x0000000000000fe8        0x8 
 .text.appletHolderClose
                0x0000000000000ff0       0xb0 /opt/devkitpro/libnx/lib/libnx.a(applet.o)
                0x0000000000000ff0                appletHolderClose
 .text.appletHolderGetLibraryAppletInfo
                0x00000000000010a0       0x24 /opt/devkitpro/libnx/lib/libnx.a(applet.o)
                0x00000000000010a0                appletHolderGetLibraryAppletInfo
 *fill*         0x00000000000010c4        0xc 
 .text.appletNotifyRunning
                0x00000000000010d0       0x90 /opt/devkitpro/libnx/lib/libnx.a(applet.o)
                0x00000000000010d0                appletNotifyRunning
 .text.appletSetGamePlayRecordingState
                0x0000000000001160       0x78 /opt/devkitpro/libnx/lib/libnx.a(applet.o)
                0x0000000000001160                appletSetGamePlayRecordingState
 *fill*         0x00000000000011d8        0x8 
 .text._appletCleanup
                0x00000000000011e0      0xad4 /opt/devkitpro/libnx/lib/libnx.a(applet.o)
 *fill*         0x0000000000001cb4        0xc 
 .text.appletExit
                0x0000000000001cc0       0x48 /opt/devkitpro/libnx/lib/libnx.a(applet.o)
                0x0000000000001cc0                appletExit
 *fill*         0x0000000000001d08        0x8 
 .text.appletGetLibraryAppletInfo
                0x0000000000001d10       0x40 /opt/devkitpro/libnx/lib/libnx.a(applet.o)
                0x0000000000001d10                appletGetLibraryAppletInfo
 .text.appletInitialize
                0x0000000000001d50      0xc14 /opt/devkitpro/libnx/lib/libnx.a(applet.o)
                0x0000000000001d50                appletInitialize
 *fill*         0x0000000000002964        0xc 
 .text._appletExitProcess
                0x0000000000002970       0x24 /opt/devkitpro/libnx/lib/libnx.a(applet.o)
 *fill*         0x0000000000002994        0xc 
 .text.appletGetMessage
                0x00000000000029a0       0x74 /opt/devkitpro/libnx/lib/libnx.a(applet.o)
                0x00000000000029a0                appletGetMessage
 *fill*         0x0000000000002a14        0xc 
 .text.appletProcessMessage
                0x0000000000002a20      0x264 /opt/devkitpro/libnx/lib/libnx.a(applet.o)
                0x0000000000002a20                appletProcessMessage
 *fill*         0x0000000000002c84        0xc 
 .text.appletMainLoop
                0x0000000000002c90       0x34 /opt/devkitpro/libnx/lib/libnx.a(applet.o)
                0x0000000000002c90                appletMainLoop
 *fill*         0x0000000000002cc4        0xc 
 .text._smCmifCmdInPid
                0x0000000000002cd0       0xcc /opt/devkitpro/libnx/lib/libnx.a(sm.o)
 *fill*         0x0000000000002d9c        0x4 
 .text._smCleanup
                0x0000000000002da0       0x78 /opt/devkitpro/libnx/lib/libnx.a(sm.o)
 *fill*         0x0000000000002e18        0x8 
 .text.smAddOverrideHandle
                0x0000000000002e20       0x48 /opt/devkitpro/libnx/lib/libnx.a(sm.o)
                0x0000000000002e20                smAddOverrideHandle
 *fill*         0x0000000000002e68        0x8 
 .text.smGetServiceOverride
                0x0000000000002e70       0x54 /opt/devkitpro/libnx/lib/libnx.a(sm.o)
                0x0000000000002e70                smGetServiceOverride
 *fill*         0x0000000000002ec4        0xc 
 .text.smInitialize
                0x0000000000002ed0      0x1ac /opt/devkitpro/libnx/lib/libnx.a(sm.o)
                0x0000000000002ed0                smInitialize
 *fill*         0x000000000000307c        0x4 
 .text.smExit   0x0000000000003080       0x48 /opt/devkitpro/libnx/lib/libnx.a(sm.o)
                0x0000000000003080                smExit
 *fill*         0x00000000000030c8        0x8 
 .text.smGetServiceOriginal
                0x00000000000030d0       0xd0 /opt/devkitpro/libnx/lib/libnx.a(sm.o)
                0x00000000000030d0                smGetServiceOriginal
 .text.smGetServiceWrapper
                0x00000000000031a0      0x120 /opt/devkitpro/libnx/lib/libnx.a(sm.o)
                0x00000000000031a0                smGetServiceWrapper
 .text.diagAbortWithResult
                0x00000000000032c0       0x1c /opt/devkitpro/libnx/lib/libnx.a(diag.o)
                0x00000000000032c0                diagAbortWithResult
 *fill*         0x00000000000032dc        0x4 
 .text.envSetup
                0x00000000000032e0      0x208 /opt/devkitpro/libnx/lib/libnx.a(env.o)
                0x00000000000032e0                envSetup
 *fill*         0x00000000000034e8        0x8 
 .text.envGetMainThreadHandle
                0x00000000000034f0       0x20 /opt/devkitpro/libnx/lib/libnx.a(env.o)
                0x00000000000034f0                envGetMainThreadHandle
 .text.envIsNso
                0x0000000000003510        0xc /opt/devkitpro/libnx/lib/libnx.a(env.o)
                0x0000000000003510                envIsNso
 *fill*         0x000000000000351c        0x4 
 .text.envHasHeapOverride
                0x0000000000003520       0x14 /opt/devkitpro/libnx/lib/libnx.a(env.o)
                0x0000000000003520                envHasHeapOverride
 *fill*         0x0000000000003534        0xc 
 .text.envGetHeapOverrideAddr
                0x0000000000003540        0xc /opt/devkitpro/libnx/lib/libnx.a(env.o)
                0x0000000000003540                envGetHeapOverrideAddr
 *fill*         0x000000000000354c        0x4 
 .text.envGetHeapOverrideSize
                0x0000000000003550        0xc /opt/devkitpro/libnx/lib/libnx.a(env.o)
                0x0000000000003550                envGetHeapOverrideSize
 *fill*         0x000000000000355c        0x4 
 .text.envHasArgv
                0x0000000000003560       0x14 /opt/devkitpro/libnx/lib/libnx.a(env.o)
                0x0000000000003560                envHasArgv
 *fill*         0x0000000000003574        0xc 
 .text.envGetArgv
                0x0000000000003580        0xc /opt/devkitpro/libnx/lib/libnx.a(env.o)
                0x0000000000003580                envGetArgv
 *fill*         0x000000000000358c        0x4 
 .text.envGetExitFuncPtr
                0x0000000000003590        0xc /opt/devkitpro/libnx/lib/libnx.a(env.o)
                0x0000000000003590                envGetExitFuncPtr
 *fill*         0x000000000000359c        0x4 
 .text.envSetExitFuncPtr
                0x00000000000035a0        0xc /opt/devkitpro/libnx/lib/libnx.a(env.o)
                0x00000000000035a0                envSetExitFuncPtr
 *fill*         0x00000000000035ac        0x4 
 .text.envHasRandomSeed
                0x00000000000035b0        0xc /opt/devkitpro/libnx/lib/libnx.a(env.o)
                0x00000000000035b0                envHasRandomSeed
 *fill*         0x00000000000035bc        0x4 
 .text.envGetRandomSeed
                0x00000000000035c0       0x10 /opt/devkitpro/libnx/lib/libnx.a(env.o)
                0x00000000000035c0                envGetRandomSeed
 .text.hosversionGet
                0x00000000000035d0       0x14 /opt/devkitpro/libnx/lib/libnx.a(hosversion.o)
                0x00000000000035d0                hosversionGet
 *fill*         0x00000000000035e4        0xc 
 .text.hosversionSet
                0x00000000000035f0       0x10 /opt/devkitpro/libnx/lib/libnx.a(hosversion.o)
                0x00000000000035f0                hosversionSet
 .text.padConfigureInput
                0x0000000000003600       0x9c /opt/devkitpro/libnx/lib/libnx.a(pad.o)
                0x0000000000003600                padConfigureInput
 *fill*         0x000000000000369c        0x4 
 .text.padInitializeWithMask
                0x00000000000036a0       0x24 /opt/devkitpro/libnx/lib/libnx.a(pad.o)
                0x00000000000036a0                padInitializeWithMask
 *fill*         0x00000000000036c4        0xc 
 .text.padUpdate
                0x00000000000036d0      0x294 /opt/devkitpro/libnx/lib/libnx.a(pad.o)
                0x00000000000036d0                padUpdate
 *fill*         0x0000000000003964        0xc 
 .text.consoleDrawChar
                0x0000000000003970       0x48 /opt/devkitpro/libnx/lib/libnx.a(console.o)
 *fill*         0x00000000000039b8        0x8 
 .text.parseColor
                0x00000000000039c0      0x21c /opt/devkitpro/libnx/lib/libnx.a(console.o)
 *fill*         0x0000000000003bdc        0x4 
 .text.consoleNewRow
                0x0000000000003be0       0xb4 /opt/devkitpro/libnx/lib/libnx.a(console.o)
 *fill*         0x0000000000003c94        0xc 
 .text.con_write
                0x0000000000003ca0      0xbf8 /opt/devkitpro/libnx/lib/libnx.a(console.o)
 *fill*         0x0000000000004898        0x8 
 .text.consoleInit
                0x00000000000048a0      0x154 /opt/devkitpro/libnx/lib/libnx.a(console.o)
                0x00000000000048a0                consoleInit
 *fill*         0x00000000000049f4        0xc 
 .text.consoleExit
                0x0000000000004a00       0x44 /opt/devkitpro/libnx/lib/libnx.a(console.o)
                0x0000000000004a00                consoleExit
 *fill*         0x0000000000004a44        0xc 
 .text.consoleUpdate
                0x0000000000004a50       0x2c /opt/devkitpro/libnx/lib/libnx.a(console.o)
                0x0000000000004a50                consoleUpdate
 *fill*         0x0000000000004a7c        0x4 
 .text.ConsoleSwRenderer_drawChar
                0x0000000000004a80      0x1bc /opt/devkitpro/libnx/lib/libnx.a(console_sw.o)
 *fill*         0x0000000000004c3c        0x4 
 .text.ConsoleSwRenderer_init
                0x0000000000004c40       0xe8 /opt/devkitpro/libnx/lib/libnx.a(console_sw.o)
 *fill*         0x0000000000004d28        0x8 
 .text.ConsoleSwRenderer_flushAndSwap
                0x0000000000004d30       0x78 /opt/devkitpro/libnx/lib/libnx.a(console_sw.o)
 *fill*         0x0000000000004da8        0x8 
 .text.ConsoleSwRenderer_scrollWindow
                0x0000000000004db0       0xd4 /opt/devkitpro/libnx/lib/libnx.a(console_sw.o)
 *fill*         0x0000000000004e84        0xc 
 .text.ConsoleSwRenderer_deinit
                0x0000000000004e90       0x50 /opt/devkitpro/libnx/lib/libnx.a(console_sw.o)
 .text.getDefaultConsoleRenderer
                0x0000000000004ee0        0xc /opt/devkitpro/libnx/lib/libnx.a(console_sw.o)
                0x0000000000004ee0                getDefaultConsoleRenderer
 .text.svcSetHeapSize
                0x0000000000004eec       0x14 /opt/devkitpro/libnx/lib/libnx.a(svc.o)
                0x0000000000004eec                svcSetHeapSize
 .text.svcSetMemoryPermission
                0x0000000000004f00        0x8 /opt/devkitpro/libnx/lib/libnx.a(svc.o)
                0x0000000000004f00                svcSetMemoryPermission
 .text.svcSetMemoryAttribute
                0x0000000000004f08        0x8 /opt/devkitpro/libnx/lib/libnx.a(svc.o)
                0x0000000000004f08                svcSetMemoryAttribute
 .text.svcUnmapMemory
                0x0000000000004f10        0x8 /opt/devkitpro/libnx/lib/libnx.a(svc.o)
                0x0000000000004f10                svcUnmapMemory
 .text.svcQueryMemory
                0x0000000000004f18       0x14 /opt/devkitpro/libnx/lib/libnx.a(svc.o)
                0x0000000000004f18                svcQueryMemory
 .text.svcExitProcess
                0x0000000000004f2c        0x8 /opt/devkitpro/libnx/lib/libnx.a(svc.o)
                0x0000000000004f2c                svcExitProcess
 .text.svcSleepThread
                0x0000000000004f34        0x8 /opt/devkitpro/libnx/lib/libnx.a(svc.o)
                0x0000000000004f34                svcSleepThread
 .text.svcMapSharedMemory
                0x0000000000004f3c        0x8 /opt/devkitpro/libnx/lib/libnx.a(svc.o)
                0x0000000000004f3c                svcMapSharedMemory
 .text.svcUnmapSharedMemory
                0x0000000000004f44        0x8 /opt/devkitpro/libnx/lib/libnx.a(svc.o)
                0x0000000000004f44                svcUnmapSharedMemory
 .text.svcCreateTransferMemory
                0x0000000000004f4c       0x14 /opt/devkitpro/libnx/lib/libnx.a(svc.o)
                0x0000000000004f4c                svcCreateTransferMemory
 .text.svcCloseHandle
                0x0000000000004f60        0x8 /opt/devkitpro/libnx/lib/libnx.a(svc.o)
                0x0000000000004f60                svcCloseHandle
 .text.svcResetSignal
                0x0000000000004f68        0x8 /opt/devkitpro/libnx/lib/libnx.a(svc.o)
                0x0000000000004f68                svcResetSignal
 .text.svcWaitSynchronization
                0x0000000000004f70       0x14 /opt/devkitpro/libnx/lib/libnx.a(svc.o)
                0x0000000000004f70                svcWaitSynchronization
 .text.svcArbitrateLock
                0x0000000000004f84        0x8 /opt/devkitpro/libnx/lib/libnx.a(svc.o)
                0x0000000000004f84                svcArbitrateLock
 .text.svcArbitrateUnlock
                0x0000000000004f8c        0x8 /opt/devkitpro/libnx/lib/libnx.a(svc.o)
                0x0000000000004f8c                svcArbitrateUnlock
 .text.svcWaitProcessWideKeyAtomic
                0x0000000000004f94        0x8 /opt/devkitpro/libnx/lib/libnx.a(svc.o)
                0x0000000000004f94                svcWaitProcessWideKeyAtomic
 .text.svcSignalProcessWideKey
                0x0000000000004f9c        0x8 /opt/devkitpro/libnx/lib/libnx.a(svc.o)
                0x0000000000004f9c                svcSignalProcessWideKey
 .text.svcConnectToNamedPort
                0x0000000000004fa4       0x14 /opt/devkitpro/libnx/lib/libnx.a(svc.o)
                0x0000000000004fa4                svcConnectToNamedPort
 .text.svcSendSyncRequest
                0x0000000000004fb8        0x8 /opt/devkitpro/libnx/lib/libnx.a(svc.o)
                0x0000000000004fb8                svcSendSyncRequest
 .text.svcBreak
                0x0000000000004fc0        0x8 /opt/devkitpro/libnx/lib/libnx.a(svc.o)
                0x0000000000004fc0                svcBreak
 .text.svcReturnFromException
                0x0000000000004fc8        0x8 /opt/devkitpro/libnx/lib/libnx.a(svc.o)
                0x0000000000004fc8                svcReturnFromException
 .text.svcGetInfo
                0x0000000000004fd0       0x14 /opt/devkitpro/libnx/lib/libnx.a(svc.o)
                0x0000000000004fd0                svcGetInfo
 .text.svcUnmapTransferMemory
                0x0000000000004fe4        0x8 /opt/devkitpro/libnx/lib/libnx.a(svc.o)
                0x0000000000004fe4                svcUnmapTransferMemory
 *fill*         0x0000000000004fec        0x4 
 .text.eventLoadRemote
                0x0000000000004ff0        0xc /opt/devkitpro/libnx/lib/libnx.a(event.o)
                0x0000000000004ff0                eventLoadRemote
 *fill*         0x0000000000004ffc        0x4 
 .text.eventWait
                0x0000000000005000       0x34 /opt/devkitpro/libnx/lib/libnx.a(event.o)
                0x0000000000005000                eventWait
 *fill*         0x0000000000005034        0xc 
 .text.eventClose
                0x0000000000005040       0x54 /opt/devkitpro/libnx/lib/libnx.a(event.o)
                0x0000000000005040                eventClose
 *fill*         0x0000000000005094        0xc 
 .text.mutexLock
                0x00000000000050a0       0xc8 /opt/devkitpro/libnx/lib/libnx.a(mutex.o)
                0x00000000000050a0                mutexLock
 *fill*         0x0000000000005168        0x8 
 .text.mutexUnlock
                0x0000000000005170       0x68 /opt/devkitpro/libnx/lib/libnx.a(mutex.o)
                0x0000000000005170                mutexUnlock
 *fill*         0x00000000000051d8        0x8 
 .text.mutexIsLockedByCurrentThread
                0x00000000000051e0       0x1c /opt/devkitpro/libnx/lib/libnx.a(mutex.o)
                0x00000000000051e0                mutexIsLockedByCurrentThread
 *fill*         0x00000000000051fc        0x4 
 .text.rmutexLock
                0x0000000000005200       0x58 /opt/devkitpro/libnx/lib/libnx.a(mutex.o)
                0x0000000000005200                rmutexLock
 *fill*         0x0000000000005258        0x8 
 .text.rmutexUnlock
                0x0000000000005260       0x1c /opt/devkitpro/libnx/lib/libnx.a(mutex.o)
                0x0000000000005260                rmutexUnlock
 *fill*         0x000000000000527c        0x4 
 .text.tmemCreate
                0x0000000000005280       0xa8 /opt/devkitpro/libnx/lib/libnx.a(tmem.o)
                0x0000000000005280                tmemCreate
 *fill*         0x0000000000005328        0x8 
 .text.tmemUnmap
                0x0000000000005330       0x34 /opt/devkitpro/libnx/lib/libnx.a(tmem.o)
                0x0000000000005330                tmemUnmap
 *fill*         0x0000000000005364        0xc 
 .text.tmemCloseHandle
                0x0000000000005370       0x30 /opt/devkitpro/libnx/lib/libnx.a(tmem.o)
                0x0000000000005370                tmemCloseHandle
 .text.tmemWaitForPermission
                0x00000000000053a0       0x9c /opt/devkitpro/libnx/lib/libnx.a(tmem.o)
                0x00000000000053a0                tmemWaitForPermission
 *fill*         0x000000000000543c        0x4 
 .text.tmemClose
                0x0000000000005440       0x50 /opt/devkitpro/libnx/lib/libnx.a(tmem.o)
                0x0000000000005440                tmemClose
 .text._memregionInitWithInfo
                0x0000000000005490       0x64 /opt/devkitpro/libnx/lib/libnx.a(virtmem.o)
 *fill*         0x00000000000054f4        0xc 
 .text.__libnx_virtmem_rng
                0x0000000000005500        0x4 /opt/devkitpro/libnx/lib/libnx.a(virtmem.o)
                0x0000000000005500                __libnx_virtmem_rng
 *fill*         0x0000000000005504        0xc 
 .text._memregionFindRandom
                0x0000000000005510      0x164 /opt/devkitpro/libnx/lib/libnx.a(virtmem.o)
 *fill*         0x0000000000005674        0xc 
 .text.virtmemSetup
                0x0000000000005680      0x140 /opt/devkitpro/libnx/lib/libnx.a(virtmem.o)
                0x0000000000005680                virtmemSetup
 .text.virtmemLock
                0x00000000000057c0        0xc /opt/devkitpro/libnx/lib/libnx.a(virtmem.o)
                0x00000000000057c0                virtmemLock
 *fill*         0x00000000000057cc        0x4 
 .text.virtmemUnlock
                0x00000000000057d0        0xc /opt/devkitpro/libnx/lib/libnx.a(virtmem.o)
                0x00000000000057d0                virtmemUnlock
 *fill*         0x00000000000057dc        0x4 
 .text.virtmemFindAslr
                0x00000000000057e0       0x50 /opt/devkitpro/libnx/lib/libnx.a(virtmem.o)
                0x00000000000057e0                virtmemFindAslr
 .text.waitObjects
                0x0000000000005830      0x57c /opt/devkitpro/libnx/lib/libnx.a(wait.o)
                0x0000000000005830                waitObjects
 *fill*         0x0000000000005dac        0x4 
 .text._apmCleanup
                0x0000000000005db0       0xd4 /opt/devkitpro/libnx/lib/libnx.a(apm.o)
 *fill*         0x0000000000005e84        0xc 
 .text.apmInitialize
                0x0000000000005e90      0x194 /opt/devkitpro/libnx/lib/libnx.a(apm.o)
                0x0000000000005e90                apmInitialize
 *fill*         0x0000000000006024        0xc 
 .text.apmExit  0x0000000000006030       0x48 /opt/devkitpro/libnx/lib/libnx.a(apm.o)
                0x0000000000006030                apmExit
 *fill*         0x0000000000006078        0x8 
 .text.apmSetPerformanceConfiguration
                0x0000000000006080       0xc8 /opt/devkitpro/libnx/lib/libnx.a(apm.o)
                0x0000000000006080                apmSetPerformanceConfiguration
 *fill*         0x0000000000006148        0x8 
 .text._hidCleanup
                0x0000000000006150      0x12c /opt/devkitpro/libnx/lib/libnx.a(hid.o)
 *fill*         0x000000000000627c        0x4 
 .text._hidCmdInAruidNoOut
                0x0000000000006280       0xd4 /opt/devkitpro/libnx/lib/libnx.a(hid.o)
 *fill*         0x0000000000006354        0xc 
 .text._hidCmdInU32AruidNoOut
                0x0000000000006360       0xe0 /opt/devkitpro/libnx/lib/libnx.a(hid.o)
 .text._hidGetStates
                0x0000000000006440      0x194 /opt/devkitpro/libnx/lib/libnx.a(hid.o)
 *fill*         0x00000000000065d4        0xc 
 .text.hidInitialize
                0x00000000000065e0      0x26c /opt/devkitpro/libnx/lib/libnx.a(hid.o)
                0x00000000000065e0                hidInitialize
 *fill*         0x000000000000684c        0x4 
 .text.hidExit  0x0000000000006850       0x48 /opt/devkitpro/libnx/lib/libnx.a(hid.o)
                0x0000000000006850                hidExit
 *fill*         0x0000000000006898        0x8 
 .text.hidGetSharedmemAddr
                0x00000000000068a0        0xc /opt/devkitpro/libnx/lib/libnx.a(hid.o)
                0x00000000000068a0                hidGetSharedmemAddr
 *fill*         0x00000000000068ac        0x4 
 .text.hidGetNpadStyleSet
                0x00000000000068b0       0x90 /opt/devkitpro/libnx/lib/libnx.a(hid.o)
                0x00000000000068b0                hidGetNpadStyleSet
 .text.hidInitializeNpad
                0x0000000000006940       0x84 /opt/devkitpro/libnx/lib/libnx.a(hid.o)
                0x0000000000006940                hidInitializeNpad
 *fill*         0x00000000000069c4        0xc 
 .text.hidGetNpadStatesFullKey
                0x00000000000069d0       0xa4 /opt/devkitpro/libnx/lib/libnx.a(hid.o)
                0x00000000000069d0                hidGetNpadStatesFullKey
 *fill*         0x0000000000006a74        0xc 
 .text.hidGetNpadStatesHandheld
                0x0000000000006a80       0xa4 /opt/devkitpro/libnx/lib/libnx.a(hid.o)
                0x0000000000006a80                hidGetNpadStatesHandheld
 *fill*         0x0000000000006b24        0xc 
 .text.hidGetNpadStatesJoyDual
                0x0000000000006b30       0xa4 /opt/devkitpro/libnx/lib/libnx.a(hid.o)
                0x0000000000006b30                hidGetNpadStatesJoyDual
 *fill*         0x0000000000006bd4        0xc 
 .text.hidGetNpadStatesJoyLeft
                0x0000000000006be0       0xa4 /opt/devkitpro/libnx/lib/libnx.a(hid.o)
                0x0000000000006be0                hidGetNpadStatesJoyLeft
 *fill*         0x0000000000006c84        0xc 
 .text.hidGetNpadStatesJoyRight
                0x0000000000006c90       0xa4 /opt/devkitpro/libnx/lib/libnx.a(hid.o)
                0x0000000000006c90                hidGetNpadStatesJoyRight
 *fill*         0x0000000000006d34        0xc 
 .text.hidGetNpadStatesGc
                0x0000000000006d40      0x144 /opt/devkitpro/libnx/lib/libnx.a(hid.o)
                0x0000000000006d40                hidGetNpadStatesGc
 *fill*         0x0000000000006e84        0xc 
 .text.hidGetNpadStatesSystemExt
                0x0000000000006e90       0xa8 /opt/devkitpro/libnx/lib/libnx.a(hid.o)
                0x0000000000006e90                hidGetNpadStatesSystemExt
 *fill*         0x0000000000006f38        0x8 
 .text.hidSetSupportedNpadStyleSet
                0x0000000000006f40        0x8 /opt/devkitpro/libnx/lib/libnx.a(hid.o)
                0x0000000000006f40                hidSetSupportedNpadStyleSet
 *fill*         0x0000000000006f48        0x8 
 .text.hidSetSupportedNpadIdType
                0x0000000000006f50      0x100 /opt/devkitpro/libnx/lib/libnx.a(hid.o)
                0x0000000000006f50                hidSetSupportedNpadIdType
 .text.nwindowGetDefault
                0x0000000000007050        0xc /opt/devkitpro/libnx/lib/libnx.a(default_window.o)
                0x0000000000007050                nwindowGetDefault
 *fill*         0x000000000000705c        0x4 
 .text.__nx_win_init
                0x0000000000007060       0xa4 /opt/devkitpro/libnx/lib/libnx.a(default_window.o)
                0x0000000000007060                __nx_win_init
 *fill*         0x0000000000007104        0xc 
 .text.__nx_win_exit
                0x0000000000007110       0x34 /opt/devkitpro/libnx/lib/libnx.a(default_window.o)
                0x0000000000007110                __nx_win_exit
 *fill*         0x0000000000007144        0xc 
 .text.framebufferMakeLinear
                0x0000000000007150       0x8c /opt/devkitpro/libnx/lib/libnx.a(framebuffer.o)
                0x0000000000007150                framebufferMakeLinear
 *fill*         0x00000000000071dc        0x4 
 .text.framebufferClose
                0x00000000000071e0       0x84 /opt/devkitpro/libnx/lib/libnx.a(framebuffer.o)
                0x00000000000071e0                framebufferClose
 *fill*         0x0000000000007264        0xc 
 .text.framebufferCreate
                0x0000000000007270      0x290 /opt/devkitpro/libnx/lib/libnx.a(framebuffer.o)
                0x0000000000007270                framebufferCreate
 .text.framebufferBegin
                0x0000000000007500       0x7c /opt/devkitpro/libnx/lib/libnx.a(framebuffer.o)
                0x0000000000007500                framebufferBegin
 *fill*         0x000000000000757c        0x4 
 .text.framebufferEnd
                0x0000000000007580      0x190 /opt/devkitpro/libnx/lib/libnx.a(framebuffer.o)
                0x0000000000007580                framebufferEnd
 .text.nwindowIsValid
                0x0000000000007710       0x24 /opt/devkitpro/libnx/lib/libnx.a(native_window.o)
                0x0000000000007710                nwindowIsValid
 *fill*         0x0000000000007734        0xc 
 .text.nwindowClose
                0x0000000000007740       0x7c /opt/devkitpro/libnx/lib/libnx.a(native_window.o)
                0x0000000000007740                nwindowClose
 *fill*         0x00000000000077bc        0x4 
 .text.nwindowCreate
                0x00000000000077c0       0xf8 /opt/devkitpro/libnx/lib/libnx.a(native_window.o)
                0x00000000000077c0                nwindowCreate
 *fill*         0x00000000000078b8        0x8 
 .text.nwindowCreateFromLayer
                0x00000000000078c0       0x38 /opt/devkitpro/libnx/lib/libnx.a(native_window.o)
                0x00000000000078c0                nwindowCreateFromLayer
 *fill*         0x00000000000078f8        0x8 
 .text.nwindowSetDimensions
                0x0000000000007900       0x84 /opt/devkitpro/libnx/lib/libnx.a(native_window.o)
                0x0000000000007900                nwindowSetDimensions
 *fill*         0x0000000000007984        0xc 
 .text.nwindowConfigureBuffer
                0x0000000000007990      0x180 /opt/devkitpro/libnx/lib/libnx.a(native_window.o)
                0x0000000000007990                nwindowConfigureBuffer
 .text.nwindowDequeueBuffer
                0x0000000000007b10      0x1cc /opt/devkitpro/libnx/lib/libnx.a(native_window.o)
                0x0000000000007b10                nwindowDequeueBuffer
 *fill*         0x0000000000007cdc        0x4 
 .text.nwindowQueueBuffer
                0x0000000000007ce0      0x12c /opt/devkitpro/libnx/lib/libnx.a(native_window.o)
                0x0000000000007ce0                nwindowQueueBuffer
 *fill*         0x0000000000007e0c        0x4 
 .text.nwindowReleaseBuffers
                0x0000000000007e10       0xbc /opt/devkitpro/libnx/lib/libnx.a(native_window.o)
                0x0000000000007e10                nwindowReleaseBuffers
 *fill*         0x0000000000007ecc        0x4 
 .text.__libnx_alloc
                0x0000000000007ed0        0x4 /opt/devkitpro/libnx/lib/libnx.a(alloc.o)
                0x0000000000007ed0                __libnx_alloc
 *fill*         0x0000000000007ed4        0xc 
 .text.__libnx_aligned_alloc
                0x0000000000007ee0       0x14 /opt/devkitpro/libnx/lib/libnx.a(alloc.o)
                0x0000000000007ee0                __libnx_aligned_alloc
 *fill*         0x0000000000007ef4        0xc 
 .text.__libnx_free
                0x0000000000007f00        0x4 /opt/devkitpro/libnx/lib/libnx.a(alloc.o)
                0x0000000000007f00                __libnx_free
 *fill*         0x0000000000007f04        0xc 
 .text.argvSetup
                0x0000000000007f10      0x314 /opt/devkitpro/libnx/lib/libnx.a(argv.o)
                0x0000000000007f10                argvSetup
 *fill*         0x0000000000008224        0xc 
 .text.__nx_dynamic
                0x0000000000008230      0x1fc /opt/devkitpro/libnx/lib/libnx.a(dynamic.o)
                0x0000000000008230                __nx_dynamic
 *fill*         0x000000000000842c        0x4 
 .text.__libnx_initheap
                0x0000000000008430       0xd0 /opt/devkitpro/libnx/lib/libnx.a(init.o)
                0x0000000000008430                __libnx_initheap
 .text.__appInit
                0x0000000000008500       0xec /opt/devkitpro/libnx/lib/libnx.a(init.o)
                0x0000000000008500                __appInit
 *fill*         0x00000000000085ec        0x4 
 .text.__appExit
                0x00000000000085f0       0x44 /opt/devkitpro/libnx/lib/libnx.a(init.o)
                0x00000000000085f0                __appExit
 *fill*         0x0000000000008634        0xc 
 .text.__libnx_init
                0x0000000000008640       0x2c /opt/devkitpro/libnx/lib/libnx.a(init.o)
                0x0000000000008640                __libnx_init
 *fill*         0x000000000000866c        0x4 
 .text.__libnx_exit
                0x0000000000008670       0x1c /opt/devkitpro/libnx/lib/libnx.a(init.o)
                0x0000000000008670                __libnx_exit
 *fill*         0x000000000000868c        0x4 
 .text.__syscall_exit
                0x0000000000008690       0x1c /opt/devkitpro/libnx/lib/libnx.a(newlib.o)
                0x0000000000008690                __syscall_exit
 *fill*         0x00000000000086ac        0x4 
 .text.__syscall_getreent
                0x00000000000086b0       0x34 /opt/devkitpro/libnx/lib/libnx.a(newlib.o)
                0x00000000000086b0                __syscall_getreent
 *fill*         0x00000000000086e4        0xc 
 .text.__syscall_lock_acquire
                0x00000000000086f0        0x4 /opt/devkitpro/libnx/lib/libnx.a(newlib.o)
                0x00000000000086f0                __syscall_lock_acquire
 *fill*         0x00000000000086f4        0xc 
 .text.__syscall_lock_release
                0x0000000000008700        0x4 /opt/devkitpro/libnx/lib/libnx.a(newlib.o)
                0x0000000000008700                __syscall_lock_release
 *fill*         0x0000000000008704        0xc 
 .text.__syscall_lock_acquire_recursive
                0x0000000000008710        0x4 /opt/devkitpro/libnx/lib/libnx.a(newlib.o)
                0x0000000000008710                __syscall_lock_acquire_recursive
 *fill*         0x0000000000008714        0xc 
 .text.__syscall_lock_release_recursive
                0x0000000000008720        0x4 /opt/devkitpro/libnx/lib/libnx.a(newlib.o)
                0x0000000000008720                __syscall_lock_release_recursive
 *fill*         0x0000000000008724        0xc 
 .text.__libnx_init_time
                0x0000000000008730      0x25c /opt/devkitpro/libnx/lib/libnx.a(newlib.o)
                0x0000000000008730                __libnx_init_time
 *fill*         0x000000000000898c        0x4 
 .text.newlibSetup
                0x0000000000008990       0x98 /opt/devkitpro/libnx/lib/libnx.a(newlib.o)
                0x0000000000008990                newlibSetup
 *fill*         0x0000000000008a28        0x8 
 .text.nxlinkSetup
                0x0000000000008a30       0xe8 /opt/devkitpro/libnx/lib/libnx.a(nxlink.o)
                0x0000000000008a30                nxlinkSetup
 *fill*         0x0000000000008b18        0x8 
 .text.fsdev_link
                0x0000000000008b20       0x10 /opt/devkitpro/libnx/lib/libnx.a(fs_dev.o)
 .text.fsdev_dirreset
                0x0000000000008b30       0x10 /opt/devkitpro/libnx/lib/libnx.a(fs_dev.o)
 .text.fsdev_chmod
                0x0000000000008b40       0x10 /opt/devkitpro/libnx/lib/libnx.a(fs_dev.o)
 .text.error_cmp
                0x0000000000008b50       0x18 /opt/devkitpro/libnx/lib/libnx.a(fs_dev.o)
 *fill*         0x0000000000008b68        0x8 
 .text.fsdev_dirclose
                0x0000000000008b70       0x20 /opt/devkitpro/libnx/lib/libnx.a(fs_dev.o)
 .text.fsdev_close
                0x0000000000008b90       0x1c /opt/devkitpro/libnx/lib/libnx.a(fs_dev.o)
 *fill*         0x0000000000008bac        0x4 
 .text.fsdev_converttimetoutc
                0x0000000000008bb0       0x74 /opt/devkitpro/libnx/lib/libnx.a(fs_dev.o)
 *fill*         0x0000000000008c24        0xc 
 .text.fsdevFindDevice.part.0
                0x0000000000008c30       0xd4 /opt/devkitpro/libnx/lib/libnx.a(fs_dev.o)
 *fill*         0x0000000000008d04        0xc 
 .text.fsdev_fixpath
                0x0000000000008d10      0x1cc /opt/devkitpro/libnx/lib/libnx.a(fs_dev.o)
 *fill*         0x0000000000008edc        0x4 
 .text._fsdevUnmountDeviceStruct.part.0
                0x0000000000008ee0       0x9c /opt/devkitpro/libnx/lib/libnx.a(fs_dev.o)
 *fill*         0x0000000000008f7c        0x4 
 .text.fsdev_fchmod
                0x0000000000008f80       0x10 /opt/devkitpro/libnx/lib/libnx.a(fs_dev.o)
 .text.fsdev_diropen
                0x0000000000008f90      0x100 /opt/devkitpro/libnx/lib/libnx.a(fs_dev.o)
 .text.fsdev_statvfs
                0x0000000000009090       0xf8 /opt/devkitpro/libnx/lib/libnx.a(fs_dev.o)
 *fill*         0x0000000000009188        0x8 
 .text.fsdev_fsync
                0x0000000000009190       0x7c /opt/devkitpro/libnx/lib/libnx.a(fs_dev.o)
 *fill*         0x000000000000920c        0x4 
 .text.fsdev_fstat
                0x0000000000009210       0xec /opt/devkitpro/libnx/lib/libnx.a(fs_dev.o)
 *fill*         0x00000000000092fc        0x4 
 .text.fsdev_ftruncate
                0x0000000000009300       0x94 /opt/devkitpro/libnx/lib/libnx.a(fs_dev.o)
 *fill*         0x0000000000009394        0xc 
 .text.fsdev_stat
                0x00000000000093a0      0x1d8 /opt/devkitpro/libnx/lib/libnx.a(fs_dev.o)
 *fill*         0x0000000000009578        0x8 
 .text.fsdev_rename
                0x0000000000009580      0x14c /opt/devkitpro/libnx/lib/libnx.a(fs_dev.o)
 *fill*         0x00000000000096cc        0x4 
 .text.fsdev_chdir
                0x00000000000096d0      0x13c /opt/devkitpro/libnx/lib/libnx.a(fs_dev.o)
 *fill*         0x000000000000980c        0x4 
 .text.fsdev_rmdir
                0x0000000000009810       0xa4 /opt/devkitpro/libnx/lib/libnx.a(fs_dev.o)
 *fill*         0x00000000000098b4        0xc 
 .text.fsdev_mkdir
                0x00000000000098c0       0xa4 /opt/devkitpro/libnx/lib/libnx.a(fs_dev.o)
 *fill*         0x0000000000009964        0xc 
 .text.fsdev_unlink
                0x0000000000009970       0xa4 /opt/devkitpro/libnx/lib/libnx.a(fs_dev.o)
 *fill*         0x0000000000009a14        0xc 
 .text.fsdev_write_safe
                0x0000000000009a20      0x13c /opt/devkitpro/libnx/lib/libnx.a(fs_dev.o)
 *fill*         0x0000000000009b5c        0x4 
 .text.fsdev_read_safe
                0x0000000000009b60      0x134 /opt/devkitpro/libnx/lib/libnx.a(fs_dev.o)
 *fill*         0x0000000000009c94        0xc 
 .text.fsdev_read
                0x0000000000009ca0      0x100 /opt/devkitpro/libnx/lib/libnx.a(fs_dev.o)
 .text.fsdev_dirnext
                0x0000000000009da0      0x1d4 /opt/devkitpro/libnx/lib/libnx.a(fs_dev.o)
 *fill*         0x0000000000009f74        0xc 
 .text.fsdev_write
                0x0000000000009f80      0x124 /opt/devkitpro/libnx/lib/libnx.a(fs_dev.o)
 *fill*         0x000000000000a0a4        0xc 
 .text.fsdev_seek
                0x000000000000a0b0      0x110 /opt/devkitpro/libnx/lib/libnx.a(fs_dev.o)
 .text.fsdev_open
                0x000000000000a1c0      0x230 /opt/devkitpro/libnx/lib/libnx.a(fs_dev.o)
 .text.fsdevMountDevice
                0x000000000000a3f0      0x324 /opt/devkitpro/libnx/lib/libnx.a(fs_dev.o)
                0x000000000000a3f0                fsdevMountDevice
 *fill*         0x000000000000a714        0xc 
 .text.fsdevMountSdmc
                0x000000000000a720       0x40 /opt/devkitpro/libnx/lib/libnx.a(fs_dev.o)
                0x000000000000a720                fsdevMountSdmc
 .text.__libnx_init_cwd
                0x000000000000a760       0xbc /opt/devkitpro/libnx/lib/libnx.a(fs_dev.o)
                0x000000000000a760                __libnx_init_cwd
 *fill*         0x000000000000a81c        0x4 
 .text.fsdevUnmountAll
                0x000000000000a820       0x64 /opt/devkitpro/libnx/lib/libnx.a(fs_dev.o)
                0x000000000000a820                fsdevUnmountAll
 *fill*         0x000000000000a884        0xc 
 .text.decode_utf8
                0x000000000000a890      0x128 /opt/devkitpro/libnx/lib/libnx.a(decode_utf8.o)
                0x000000000000a890                decode_utf8
 .text.armDCacheFlush
                0x000000000000a9b8       0x4c /opt/devkitpro/libnx/lib/libnx.a(cache.o)
                0x000000000000a9b8                armDCacheFlush
 .text.__libnx_exception_entry
                0x000000000000aa04      0x1c0 /opt/devkitpro/libnx/lib/libnx.a(exception.o)
                0x000000000000aa04                __libnx_exception_entry
 .text.__libnx_exception_returnentry
                0x000000000000abc4       0x18 /opt/devkitpro/libnx/lib/libnx.a(exception.o)
                0x000000000000abc4                __libnx_exception_returnentry
 .text.__aarch64_read_tp
                0x000000000000abdc        0xc /opt/devkitpro/libnx/lib/libnx.a(readtp.o)
                0x000000000000abdc                __aarch64_read_tp
 *fill*         0x000000000000abe8        0x8 
 .text.condvarWaitTimeout
                0x000000000000abf0       0x70 /opt/devkitpro/libnx/lib/libnx.a(condvar.o)
                0x000000000000abf0                condvarWaitTimeout
 .text.randomGet
                0x000000000000ac60      0x410 /opt/devkitpro/libnx/lib/libnx.a(random.o)
                0x000000000000ac60                randomGet
 .text.randomGet64
                0x000000000000b070       0x20 /opt/devkitpro/libnx/lib/libnx.a(random.o)
                0x000000000000b070                randomGet64
 .text.shmemLoadRemote
                0x000000000000b090       0x14 /opt/devkitpro/libnx/lib/libnx.a(shmem.o)
                0x000000000000b090                shmemLoadRemote
 *fill*         0x000000000000b0a4        0xc 
 .text.shmemMap
                0x000000000000b0b0       0x70 /opt/devkitpro/libnx/lib/libnx.a(shmem.o)
                0x000000000000b0b0                shmemMap
 .text.shmemUnmap
                0x000000000000b120       0x34 /opt/devkitpro/libnx/lib/libnx.a(shmem.o)
                0x000000000000b120                shmemUnmap
 *fill*         0x000000000000b154        0xc 
 .text.shmemClose
                0x000000000000b160       0x4c /opt/devkitpro/libnx/lib/libnx.a(shmem.o)
                0x000000000000b160                shmemClose
 *fill*         0x000000000000b1ac        0x4 
 .text.__libnx_init_thread
                0x000000000000b1b0       0xb0 /opt/devkitpro/libnx/lib/libnx.a(thread.o)
                0x000000000000b1b0                __libnx_init_thread
 .text._fsCleanup
                0x000000000000b260       0xb4 /opt/devkitpro/libnx/lib/libnx.a(fs.o)
 *fill*         0x000000000000b314        0xc 
 .text._fsCmdNoIO
                0x000000000000b320      0x1c0 /opt/devkitpro/libnx/lib/libnx.a(fs.o)
 .text._fsFsCmdWithInPath
                0x000000000000b4e0      0x1e0 /opt/devkitpro/libnx/lib/libnx.a(fs.o)
 .text._fsFsCmdWithTwoInPaths
                0x000000000000b6c0      0x1f8 /opt/devkitpro/libnx/lib/libnx.a(fs.o)
 *fill*         0x000000000000b8b8        0x8 
 .text._fsFsOpenCommon
                0x000000000000b8c0      0x28c /opt/devkitpro/libnx/lib/libnx.a(fs.o)
 *fill*         0x000000000000bb4c        0x4 
 .text._fsFsCmdWithInPathAndOutU64
                0x000000000000bb50      0x1fc /opt/devkitpro/libnx/lib/libnx.a(fs.o)
 *fill*         0x000000000000bd4c        0x4 
 .text._fsObjectClose
                0x000000000000bd50       0xf8 /opt/devkitpro/libnx/lib/libnx.a(fs.o)
 *fill*         0x000000000000be48        0x8 
 .text._fsCmdGetSession.constprop.0
                0x000000000000be50      0x17c /opt/devkitpro/libnx/lib/libnx.a(fs.o)
 *fill*         0x000000000000bfcc        0x4 
 .text.fsInitialize
                0x000000000000bfd0      0x2f8 /opt/devkitpro/libnx/lib/libnx.a(fs.o)
                0x000000000000bfd0                fsInitialize
 *fill*         0x000000000000c2c8        0x8 
 .text.fsExit   0x000000000000c2d0       0x48 /opt/devkitpro/libnx/lib/libnx.a(fs.o)
                0x000000000000c2d0                fsExit
 *fill*         0x000000000000c318        0x8 
 .text.fsOpenSdCardFileSystem
                0x000000000000c320        0x8 /opt/devkitpro/libnx/lib/libnx.a(fs.o)
                0x000000000000c320                fsOpenSdCardFileSystem
 *fill*         0x000000000000c328        0x8 
 .text.fsFsCreateFile
                0x000000000000c330      0x1ec /opt/devkitpro/libnx/lib/libnx.a(fs.o)
                0x000000000000c330                fsFsCreateFile
 *fill*         0x000000000000c51c        0x4 
 .text.fsFsDeleteFile
                0x000000000000c520        0x8 /opt/devkitpro/libnx/lib/libnx.a(fs.o)
                0x000000000000c520                fsFsDeleteFile
 *fill*         0x000000000000c528        0x8 
 .text.fsFsCreateDirectory
                0x000000000000c530        0x8 /opt/devkitpro/libnx/lib/libnx.a(fs.o)
                0x000000000000c530                fsFsCreateDirectory
 *fill*         0x000000000000c538        0x8 
 .text.fsFsDeleteDirectory
                0x000000000000c540        0x8 /opt/devkitpro/libnx/lib/libnx.a(fs.o)
                0x000000000000c540                fsFsDeleteDirectory
 *fill*         0x000000000000c548        0x8 
 .text.fsFsRenameFile
                0x000000000000c550        0x8 /opt/devkitpro/libnx/lib/libnx.a(fs.o)
                0x000000000000c550                fsFsRenameFile
 *fill*         0x000000000000c558        0x8 
 .text.fsFsRenameDirectory
                0x000000000000c560        0x8 /opt/devkitpro/libnx/lib/libnx.a(fs.o)
                0x000000000000c560                fsFsRenameDirectory
 *fill*         0x000000000000c568        0x8 
 .text.fsFsGetEntryType
                0x000000000000c570      0x1f0 /opt/devkitpro/libnx/lib/libnx.a(fs.o)
                0x000000000000c570                fsFsGetEntryType
 .text.fsFsOpenFile
                0x000000000000c760        0x8 /opt/devkitpro/libnx/lib/libnx.a(fs.o)
                0x000000000000c760                fsFsOpenFile
 *fill*         0x000000000000c768        0x8 
 .text.fsFsOpenDirectory
                0x000000000000c770        0x8 /opt/devkitpro/libnx/lib/libnx.a(fs.o)
                0x000000000000c770                fsFsOpenDirectory
 *fill*         0x000000000000c778        0x8 
 .text.fsFsGetFreeSpace
                0x000000000000c780        0x8 /opt/devkitpro/libnx/lib/libnx.a(fs.o)
                0x000000000000c780                fsFsGetFreeSpace
 *fill*         0x000000000000c788        0x8 
 .text.fsFsGetTotalSpace
                0x000000000000c790        0x8 /opt/devkitpro/libnx/lib/libnx.a(fs.o)
                0x000000000000c790                fsFsGetTotalSpace
 *fill*         0x000000000000c798        0x8 
 .text.fsFsGetFileTimeStampRaw
                0x000000000000c7a0      0x230 /opt/devkitpro/libnx/lib/libnx.a(fs.o)
                0x000000000000c7a0                fsFsGetFileTimeStampRaw
 .text.fsFsClose
                0x000000000000c9d0        0x4 /opt/devkitpro/libnx/lib/libnx.a(fs.o)
                0x000000000000c9d0                fsFsClose
 *fill*         0x000000000000c9d4        0xc 
 .text.fsFileRead
                0x000000000000c9e0      0x214 /opt/devkitpro/libnx/lib/libnx.a(fs.o)
                0x000000000000c9e0                fsFileRead
 *fill*         0x000000000000cbf4        0xc 
 .text.fsFileWrite
                0x000000000000cc00      0x1f8 /opt/devkitpro/libnx/lib/libnx.a(fs.o)
                0x000000000000cc00                fsFileWrite
 *fill*         0x000000000000cdf8        0x8 
 .text.fsFileFlush
                0x000000000000ce00        0x8 /opt/devkitpro/libnx/lib/libnx.a(fs.o)
                0x000000000000ce00                fsFileFlush
 *fill*         0x000000000000ce08        0x8 
 .text.fsFileSetSize
                0x000000000000ce10      0x1c0 /opt/devkitpro/libnx/lib/libnx.a(fs.o)
                0x000000000000ce10                fsFileSetSize
 .text.fsFileGetSize
                0x000000000000cfd0      0x1d4 /opt/devkitpro/libnx/lib/libnx.a(fs.o)
                0x000000000000cfd0                fsFileGetSize
 *fill*         0x000000000000d1a4        0xc 
 .text.fsFileClose
                0x000000000000d1b0        0x4 /opt/devkitpro/libnx/lib/libnx.a(fs.o)
                0x000000000000d1b0                fsFileClose
 *fill*         0x000000000000d1b4        0xc 
 .text.fsDirClose
                0x000000000000d1c0        0x4 /opt/devkitpro/libnx/lib/libnx.a(fs.o)
                0x000000000000d1c0                fsDirClose
 *fill*         0x000000000000d1c4        0xc 
 .text.fsDirRead
                0x000000000000d1d0      0x204 /opt/devkitpro/libnx/lib/libnx.a(fs.o)
                0x000000000000d1d0                fsDirRead
 *fill*         0x000000000000d3d4        0xc 
 .text._nvCleanup
                0x000000000000d3e0       0xd0 /opt/devkitpro/libnx/lib/libnx.a(nv.o)
 .text._nvCmdInitialize.constprop.0
                0x000000000000d4b0       0xd4 /opt/devkitpro/libnx/lib/libnx.a(nv.o)
 *fill*         0x000000000000d584        0xc 
 .text.__nx_nv_create_tmem
                0x000000000000d590       0x18 /opt/devkitpro/libnx/lib/libnx.a(nv.o)
                0x000000000000d590                __nx_nv_create_tmem
 *fill*         0x000000000000d5a8        0x8 
 .text.nvInitialize
                0x000000000000d5b0      0x3a8 /opt/devkitpro/libnx/lib/libnx.a(nv.o)
                0x000000000000d5b0                nvInitialize
 *fill*         0x000000000000d958        0x8 
 .text.nvExit   0x000000000000d960       0x48 /opt/devkitpro/libnx/lib/libnx.a(nv.o)
                0x000000000000d960                nvExit
 *fill*         0x000000000000d9a8        0x8 
 .text.nvConvertError
                0x000000000000d9b0       0xf4 /opt/devkitpro/libnx/lib/libnx.a(nv.o)
                0x000000000000d9b0                nvConvertError
 *fill*         0x000000000000daa4        0xc 
 .text.nvOpen   0x000000000000dab0      0x114 /opt/devkitpro/libnx/lib/libnx.a(nv.o)
                0x000000000000dab0                nvOpen
 *fill*         0x000000000000dbc4        0xc 
 .text.nvIoctl  0x000000000000dbd0      0x310 /opt/devkitpro/libnx/lib/libnx.a(nv.o)
                0x000000000000dbd0                nvIoctl
 .text.nvClose  0x000000000000dee0       0xd4 /opt/devkitpro/libnx/lib/libnx.a(nv.o)
                0x000000000000dee0                nvClose
 *fill*         0x000000000000dfb4        0xc 
 .text.nvQueryEvent
                0x000000000000dfc0      0x10c /opt/devkitpro/libnx/lib/libnx.a(nv.o)
                0x000000000000dfc0                nvQueryEvent
 *fill*         0x000000000000e0cc        0x4 
 .text._setsysGetFirmwareVersionImpl
                0x000000000000e0d0       0xd0 /opt/devkitpro/libnx/lib/libnx.a(set.o)
 .text._setsysCleanup
                0x000000000000e1a0       0x78 /opt/devkitpro/libnx/lib/libnx.a(set.o)
 *fill*         0x000000000000e218        0x8 
 .text.setsysInitialize
                0x000000000000e220       0xa0 /opt/devkitpro/libnx/lib/libnx.a(set.o)
                0x000000000000e220                setsysInitialize
 .text.setsysExit
                0x000000000000e2c0       0x48 /opt/devkitpro/libnx/lib/libnx.a(set.o)
                0x000000000000e2c0                setsysExit
 *fill*         0x000000000000e308        0x8 
 .text.setsysGetFirmwareVersion
                0x000000000000e310       0x48 /opt/devkitpro/libnx/lib/libnx.a(set.o)
                0x000000000000e310                setsysGetFirmwareVersion
 *fill*         0x000000000000e358        0x8 
 .text._timeCleanup
                0x000000000000e360      0x27c /opt/devkitpro/libnx/lib/libnx.a(time.o)
 *fill*         0x000000000000e5dc        0x4 
 .text._timeCmdGetSession.constprop.0
                0x000000000000e5e0      0x100 /opt/devkitpro/libnx/lib/libnx.a(time.o)
 .text._timeReadClockFromSharedMem
                0x000000000000e6e0      0x104 /opt/devkitpro/libnx/lib/libnx.a(time.o)
 *fill*         0x000000000000e7e4        0xc 
 .text.timeInitialize
                0x000000000000e7f0      0x300 /opt/devkitpro/libnx/lib/libnx.a(time.o)
                0x000000000000e7f0                timeInitialize
 .text.timeExit
                0x000000000000eaf0       0x48 /opt/devkitpro/libnx/lib/libnx.a(time.o)
                0x000000000000eaf0                timeExit
 *fill*         0x000000000000eb38        0x8 
 .text.timeGetServiceSession_SystemClock
                0x000000000000eb40       0x38 /opt/devkitpro/libnx/lib/libnx.a(time.o)
                0x000000000000eb40                timeGetServiceSession_SystemClock
 *fill*         0x000000000000eb78        0x8 
 .text.timeGetCurrentTime
                0x000000000000eb80       0xfc /opt/devkitpro/libnx/lib/libnx.a(time.o)
                0x000000000000eb80                timeGetCurrentTime
 *fill*         0x000000000000ec7c        0x4 
 .text.timeToCalendarTimeWithMyRule
                0x000000000000ec80      0x108 /opt/devkitpro/libnx/lib/libnx.a(time.o)
                0x000000000000ec80                timeToCalendarTimeWithMyRule
 *fill*         0x000000000000ed88        0x8 
 .text.timeToPosixTimeWithMyRule
                0x000000000000ed90      0x114 /opt/devkitpro/libnx/lib/libnx.a(time.o)
                0x000000000000ed90                timeToPosixTimeWithMyRule
 *fill*         0x000000000000eea4        0xc 
 .text._viCleanup
                0x000000000000eeb0      0x230 /opt/devkitpro/libnx/lib/libnx.a(vi.o)
 .text._viCmdGetSessionNoParams.constprop.0
                0x000000000000f0e0      0x100 /opt/devkitpro/libnx/lib/libnx.a(vi.o)
 .text.viInitialize
                0x000000000000f1e0      0x368 /opt/devkitpro/libnx/lib/libnx.a(vi.o)
                0x000000000000f1e0                viInitialize
 *fill*         0x000000000000f548        0x8 
 .text.viExit   0x000000000000f550       0x48 /opt/devkitpro/libnx/lib/libnx.a(vi.o)
                0x000000000000f550                viExit
 *fill*         0x000000000000f598        0x8 
 .text.viGetSession_IHOSBinderDriverRelay
                0x000000000000f5a0        0xc /opt/devkitpro/libnx/lib/libnx.a(vi.o)
                0x000000000000f5a0                viGetSession_IHOSBinderDriverRelay
 *fill*         0x000000000000f5ac        0x4 
 .text.viOpenDisplay
                0x000000000000f5b0      0x10c /opt/devkitpro/libnx/lib/libnx.a(vi.o)
                0x000000000000f5b0                viOpenDisplay
 *fill*         0x000000000000f6bc        0x4 
 .text.viCloseDisplay
                0x000000000000f6c0       0xec /opt/devkitpro/libnx/lib/libnx.a(vi.o)
                0x000000000000f6c0                viCloseDisplay
 *fill*         0x000000000000f7ac        0x4 
 .text.viCloseLayer
                0x000000000000f7b0       0xf4 /opt/devkitpro/libnx/lib/libnx.a(vi.o)
                0x000000000000f7b0                viCloseLayer
 *fill*         0x000000000000f8a4        0xc 
 .text.viCreateLayer
                0x000000000000f8b0      0x394 /opt/devkitpro/libnx/lib/libnx.a(vi.o)
                0x000000000000f8b0                viCreateLayer
 *fill*         0x000000000000fc44        0xc 
 .text.viSetLayerScalingMode
                0x000000000000fc50       0xd8 /opt/devkitpro/libnx/lib/libnx.a(vi.o)
                0x000000000000fc50                viSetLayerScalingMode
 *fill*         0x000000000000fd28        0x8 
 .text._nvFenceCleanup
                0x000000000000fd30       0x74 /opt/devkitpro/libnx/lib/libnx.a(fence.o)
 *fill*         0x000000000000fda4        0xc 
 .text.nvFenceInit
                0x000000000000fdb0       0x98 /opt/devkitpro/libnx/lib/libnx.a(fence.o)
                0x000000000000fdb0                nvFenceInit
 *fill*         0x000000000000fe48        0x8 
 .text.nvFenceExit
                0x000000000000fe50       0x48 /opt/devkitpro/libnx/lib/libnx.a(fence.o)
                0x000000000000fe50                nvFenceExit
 *fill*         0x000000000000fe98        0x8 
 .text.nvFenceWait
                0x000000000000fea0      0x290 /opt/devkitpro/libnx/lib/libnx.a(fence.o)
                0x000000000000fea0                nvFenceWait
 .text.nvMultiFenceWait
                0x0000000000010130       0x7c /opt/devkitpro/libnx/lib/libnx.a(fence.o)
                0x0000000000010130                nvMultiFenceWait
 *fill*         0x00000000000101ac        0x4 
 .text.nvMapInit
                0x00000000000101b0       0xac /opt/devkitpro/libnx/lib/libnx.a(map.o)
                0x00000000000101b0                nvMapInit
 *fill*         0x000000000001025c        0x4 
 .text.nvMapExit
                0x0000000000010260       0x74 /opt/devkitpro/libnx/lib/libnx.a(map.o)
                0x0000000000010260                nvMapExit
 *fill*         0x00000000000102d4        0xc 
 .text.nvMapClose
                0x00000000000102e0       0x8c /opt/devkitpro/libnx/lib/libnx.a(map.o)
                0x00000000000102e0                nvMapClose
 *fill*         0x000000000001036c        0x4 
 .text.nvMapCreate
                0x0000000000010370      0x160 /opt/devkitpro/libnx/lib/libnx.a(map.o)
                0x0000000000010370                nvMapCreate
 .text.nvioctlNvhostCtrl_EventSignal
                0x00000000000104d0       0x24 /opt/devkitpro/libnx/lib/libnx.a(nvhost-ctrl.o)
                0x00000000000104d0                nvioctlNvhostCtrl_EventSignal
 *fill*         0x00000000000104f4        0xc 
 .text.nvioctlNvhostCtrl_EventWait
                0x0000000000010500       0x3c /opt/devkitpro/libnx/lib/libnx.a(nvhost-ctrl.o)
                0x0000000000010500                nvioctlNvhostCtrl_EventWait
 *fill*         0x000000000001053c        0x4 
 .text.nvioctlNvhostCtrl_EventWaitAsync
                0x0000000000010540       0x28 /opt/devkitpro/libnx/lib/libnx.a(nvhost-ctrl.o)
                0x0000000000010540                nvioctlNvhostCtrl_EventWaitAsync
 *fill*         0x0000000000010568        0x8 
 .text.nvioctlNvhostCtrl_EventRegister
                0x0000000000010570       0x24 /opt/devkitpro/libnx/lib/libnx.a(nvhost-ctrl.o)
                0x0000000000010570                nvioctlNvhostCtrl_EventRegister
 *fill*         0x0000000000010594        0xc 
 .text.nvioctlNvhostCtrl_EventUnregister
                0x00000000000105a0       0x24 /opt/devkitpro/libnx/lib/libnx.a(nvhost-ctrl.o)
                0x00000000000105a0                nvioctlNvhostCtrl_EventUnregister
 *fill*         0x00000000000105c4        0xc 
 .text.nvioctlNvmap_Create
                0x00000000000105d0       0x3c /opt/devkitpro/libnx/lib/libnx.a(nvmap.o)
                0x00000000000105d0                nvioctlNvmap_Create
 *fill*         0x000000000001060c        0x4 
 .text.nvioctlNvmap_Alloc
                0x0000000000010610       0x30 /opt/devkitpro/libnx/lib/libnx.a(nvmap.o)
                0x0000000000010610                nvioctlNvmap_Alloc
 .text.nvioctlNvmap_Free
                0x0000000000010640       0x30 /opt/devkitpro/libnx/lib/libnx.a(nvmap.o)
                0x0000000000010640                nvioctlNvmap_Free
 .text.nvioctlNvmap_GetId
                0x0000000000010670       0x3c /opt/devkitpro/libnx/lib/libnx.a(nvmap.o)
                0x0000000000010670                nvioctlNvmap_GetId
 *fill*         0x00000000000106ac        0x4 
 .text.binderCreate
                0x00000000000106b0       0x1c /opt/devkitpro/libnx/lib/libnx.a(binder.o)
                0x00000000000106b0                binderCreate
 *fill*         0x00000000000106cc        0x4 
 .text.binderTransactParcel
                0x00000000000106d0      0x35c /opt/devkitpro/libnx/lib/libnx.a(binder.o)
                0x00000000000106d0                binderTransactParcel
 *fill*         0x0000000000010a2c        0x4 
 .text.binderConvertErrorCode
                0x0000000000010a30       0xe8 /opt/devkitpro/libnx/lib/libnx.a(binder.o)
                0x0000000000010a30                binderConvertErrorCode
 *fill*         0x0000000000010b18        0x8 
 .text.binderAdjustRefcount
                0x0000000000010b20      0x124 /opt/devkitpro/libnx/lib/libnx.a(binder.o)
                0x0000000000010b20                binderAdjustRefcount
 *fill*         0x0000000000010c44        0xc 
 .text.binderInitSession
                0x0000000000010c50       0x9c /opt/devkitpro/libnx/lib/libnx.a(binder.o)
                0x0000000000010c50                binderInitSession
 *fill*         0x0000000000010cec        0x4 
 .text.binderClose
                0x0000000000010cf0       0x5c /opt/devkitpro/libnx/lib/libnx.a(binder.o)
                0x0000000000010cf0                binderClose
 *fill*         0x0000000000010d4c        0x4 
 .text.binderGetNativeHandle
                0x0000000000010d50      0x154 /opt/devkitpro/libnx/lib/libnx.a(binder.o)
                0x0000000000010d50                binderGetNativeHandle
 *fill*         0x0000000000010ea4        0xc 
 .text.bqRequestBuffer
                0x0000000000010eb0       0xc8 /opt/devkitpro/libnx/lib/libnx.a(buffer_producer.o)
                0x0000000000010eb0                bqRequestBuffer
 *fill*         0x0000000000010f78        0x8 
 .text.bqDequeueBuffer
                0x0000000000010f80      0x128 /opt/devkitpro/libnx/lib/libnx.a(buffer_producer.o)
                0x0000000000010f80                bqDequeueBuffer
 *fill*         0x00000000000110a8        0x8 
 .text.bqQueueBuffer
                0x00000000000110b0       0xc8 /opt/devkitpro/libnx/lib/libnx.a(buffer_producer.o)
                0x00000000000110b0                bqQueueBuffer
 *fill*         0x0000000000011178        0x8 
 .text.bqCancelBuffer
                0x0000000000011180       0x84 /opt/devkitpro/libnx/lib/libnx.a(buffer_producer.o)
                0x0000000000011180                bqCancelBuffer
 *fill*         0x0000000000011204        0xc 
 .text.bqConnect
                0x0000000000011210       0xd0 /opt/devkitpro/libnx/lib/libnx.a(buffer_producer.o)
                0x0000000000011210                bqConnect
 .text.bqDisconnect
                0x00000000000112e0       0x88 /opt/devkitpro/libnx/lib/libnx.a(buffer_producer.o)
                0x00000000000112e0                bqDisconnect
 *fill*         0x0000000000011368        0x8 
 .text.bqSetPreallocatedBuffer
                0x0000000000011370      0x194 /opt/devkitpro/libnx/lib/libnx.a(buffer_producer.o)
                0x0000000000011370                bqSetPreallocatedBuffer
 *fill*         0x0000000000011504        0xc 
 .text.parcelCreate
                0x0000000000011510       0x30 /opt/devkitpro/libnx/lib/libnx.a(parcel.o)
                0x0000000000011510                parcelCreate
 .text.parcelTransact
                0x0000000000011540      0x174 /opt/devkitpro/libnx/lib/libnx.a(parcel.o)
                0x0000000000011540                parcelTransact
 *fill*         0x00000000000116b4        0xc 
 .text.parcelWriteData
                0x00000000000116c0       0x80 /opt/devkitpro/libnx/lib/libnx.a(parcel.o)
                0x00000000000116c0                parcelWriteData
 .text.parcelReadData
                0x0000000000011740       0x88 /opt/devkitpro/libnx/lib/libnx.a(parcel.o)
                0x0000000000011740                parcelReadData
 *fill*         0x00000000000117c8        0x8 
 .text.parcelWriteInt32
                0x00000000000117d0       0x20 /opt/devkitpro/libnx/lib/libnx.a(parcel.o)
                0x00000000000117d0                parcelWriteInt32
 .text.parcelWriteUInt32
                0x00000000000117f0       0x20 /opt/devkitpro/libnx/lib/libnx.a(parcel.o)
                0x00000000000117f0                parcelWriteUInt32
 .text.parcelWriteString16
                0x0000000000011810       0x7c /opt/devkitpro/libnx/lib/libnx.a(parcel.o)
                0x0000000000011810                parcelWriteString16
 *fill*         0x000000000001188c        0x4 
 .text.parcelWriteInterfaceToken
                0x0000000000011890       0x30 /opt/devkitpro/libnx/lib/libnx.a(parcel.o)
                0x0000000000011890                parcelWriteInterfaceToken
 .text.parcelReadInt32
                0x00000000000118c0       0x24 /opt/devkitpro/libnx/lib/libnx.a(parcel.o)
                0x00000000000118c0                parcelReadInt32
 *fill*         0x00000000000118e4        0xc 
 .text.parcelReadFlattenedObject
                0x00000000000118f0       0x68 /opt/devkitpro/libnx/lib/libnx.a(parcel.o)
                0x00000000000118f0                parcelReadFlattenedObject
 *fill*         0x0000000000011958        0x8 
 .text.parcelWriteFlattenedObject
                0x0000000000011960       0x44 /opt/devkitpro/libnx/lib/libnx.a(parcel.o)
                0x0000000000011960                parcelWriteFlattenedObject
 *fill*         0x00000000000119a4        0xc 
 .text.sessionmgrCreate
                0x00000000000119b0      0x184 /opt/devkitpro/libnx/lib/libnx.a(sessionmgr.o)
                0x00000000000119b0                sessionmgrCreate
 *fill*         0x0000000000011b34        0xc 
 .text.sessionmgrClose
                0x0000000000011b40       0x84 /opt/devkitpro/libnx/lib/libnx.a(sessionmgr.o)
                0x0000000000011b40                sessionmgrClose
 *fill*         0x0000000000011bc4        0xc 
 .text.sessionmgrAttachClient
                0x0000000000011bd0       0xa8 /opt/devkitpro/libnx/lib/libnx.a(sessionmgr.o)
                0x0000000000011bd0                sessionmgrAttachClient
 *fill*         0x0000000000011c78        0x8 
 .text.sessionmgrDetachClient
                0x0000000000011c80       0x60 /opt/devkitpro/libnx/lib/libnx.a(sessionmgr.o)
                0x0000000000011c80                sessionmgrDetachClient
 *fill*         0x0000000000011ce0       0x20 
 .text          0x0000000000011d00      0x104 /opt/devkitpro/devkitA64/bin/../lib/gcc/aarch64-none-elf/15.1.0/../../../../aarch64-none-elf/lib/pic/libg.a(libc_a-memset.o)
                0x0000000000011d00                memset
 *fill*         0x0000000000011e04       0x1c 
 .text.setenv   0x0000000000011e20       0x34 /opt/devkitpro/devkitA64/bin/../lib/gcc/aarch64-none-elf/15.1.0/../../../../aarch64-none-elf/lib/pic/libg.a(libc_a-setenv.o)
                0x0000000000011e20                setenv
 *fill*         0x0000000000011e54       0x2c 
 .text          0x0000000000011e80      0x134 /opt/devkitpro/devkitA64/bin/../lib/gcc/aarch64-none-elf/15.1.0/../../../../aarch64-none-elf/lib/pic/libg.a(libc_a-strcmp.o)
                0x0000000000011e80                strcmp
 *fill*         0x0000000000011fb4        0xc 
 .text          0x0000000000011fc0      0x1b4 /opt/devkitpro/devkitA64/bin/../lib/gcc/aarch64-none-elf/15.1.0/../../../../aarch64-none-elf/lib/pic/libg.a(libc_a-strncmp.o)
                0x0000000000011fc0                strncmp
 *fill*         0x0000000000012174        0xc 
 .text          0x0000000000012180       0xdc /opt/devkitpro/devkitA64/bin/../lib/gcc/aarch64-none-elf/15.1.0/../../../../aarch64-none-elf/lib/pic/libg.a(libc_a-memchr.o)
                0x0000000000012180                memchr
 *fill*         0x000000000001225c        0x4 
 .text.stdio_exit_handler
                0x0000000000012260       0x1c /opt/devkitpro/devkitA64/bin/../lib/gcc/aarch64-none-elf/15.1.0/../../../../aarch64-none-elf/lib/pic/libg.a(libc_a-findfp.o)
 *fill*         0x000000000001227c        0x4 
 .text.cleanup_stdio
                0x0000000000012280       0x6c /opt/devkitpro/devkitA64/bin/../lib/gcc/aarch64-none-elf/15.1.0/../../../../aarch64-none-elf/lib/pic/libg.a(libc_a-findfp.o)
 *fill*         0x00000000000122ec       0x14 
 .text.global_stdio_init.part.0
                0x0000000000012300      0x134 /opt/devkitpro/devkitA64/bin/../lib/gcc/aarch64-none-elf/15.1.0/../../../../aarch64-none-elf/lib/pic/libg.a(libc_a-findfp.o)
 *fill*         0x0000000000012434        0xc 
 .text.__sfp_lock_acquire
                0x0000000000012440        0xc /opt/devkitpro/devkitA64/bin/../lib/gcc/aarch64-none-elf/15.1.0/../../../../aarch64-none-elf/lib/pic/libg.a(libc_a-findfp.o)
                0x0000000000012440                __sfp_lock_acquire
 *fill*         0x000000000001244c       0x14 
 .text.__sfp_lock_release
                0x0000000000012460        0xc /opt/devkitpro/devkitA64/bin/../lib/gcc/aarch64-none-elf/15.1.0/../../../../aarch64-none-elf/lib/pic/libg.a(libc_a-findfp.o)
                0x0000000000012460                __sfp_lock_release
 *fill*         0x000000000001246c       0x14 
 .text.__sinit  0x0000000000012480       0x54 /opt/devkitpro/devkitA64/bin/../lib/gcc/aarch64-none-elf/15.1.0/../../../../aarch64-none-elf/lib/pic/libg.a(libc_a-findfp.o)
                0x0000000000012480                __sinit
 *fill*         0x00000000000124d4        0xc 
 .text._strtoul_l.isra.0
                0x00000000000124e0      0x1a4 /opt/devkitpro/devkitA64/bin/../lib/gcc/aarch64-none-elf/15.1.0/../../../../aarch64-none-elf/lib/pic/libg.a(libc_a-strtoul.o)
 *fill*         0x0000000000012684       0x1c 
 .text._strtoul_r
                0x00000000000126a0       0x34 /opt/devkitpro/devkitA64/bin/../lib/gcc/aarch64-none-elf/15.1.0/../../../../aarch64-none-elf/lib/pic/libg.a(libc_a-strtoul.o)
                0x00000000000126a0                _strtoul_r
 *fill*         0x00000000000126d4        0xc 
 .text.strtoul  0x00000000000126e0       0x40 /opt/devkitpro/devkitA64/bin/../lib/gcc/aarch64-none-elf/15.1.0/../../../../aarch64-none-elf/lib/pic/libg.a(libc_a-strtoul.o)
                0x00000000000126e0                strtoul
 .text.__libc_init_array
                0x0000000000012720       0xa4 /opt/devkitpro/devkitA64/bin/../lib/gcc/aarch64-none-elf/15.1.0/../../../../aarch64-none-elf/lib/pic/libg.a(libc_a-init.o)
                0x0000000000012720                __libc_init_array
 *fill*         0x00000000000127c4       0x1c 
 .text.strncat  0x00000000000127e0       0x88 /opt/devkitpro/devkitA64/bin/../lib/gcc/aarch64-none-elf/15.1.0/../../../../aarch64-none-elf/lib/pic/libg.a(libc_a-strncat.o)
                0x00000000000127e0                strncat
 *fill*         0x0000000000012868       0x18 
 .text._fwalk_sglue
                0x0000000000012880       0x98 /opt/devkitpro/devkitA64/bin/../lib/gcc/aarch64-none-elf/15.1.0/../../../../aarch64-none-elf/lib/pic/libg.a(libc_a-fwalk.o)
                0x0000000000012880                _fwalk_sglue
 *fill*         0x0000000000012918        0x8 
 .text.bsearch  0x0000000000012920       0xb4 /opt/devkitpro/devkitA64/bin/../lib/gcc/aarch64-none-elf/15.1.0/../../../../aarch64-none-elf/lib/pic/libg.a(libc_a-bsearch.o)
                0x0000000000012920                bsearch
 *fill*         0x00000000000129d4        0xc 
 .text.__errno  0x00000000000129e0       0x14 /opt/devkitpro/devkitA64/bin/../lib/gcc/aarch64-none-elf/15.1.0/../../../../aarch64-none-elf/lib/pic/libg.a(libc_a-errno.o)
                0x00000000000129e0                __errno
 *fill*         0x00000000000129f4        0xc 
 .text.aligned_alloc
                0x0000000000012a00       0x2c /opt/devkitpro/devkitA64/bin/../lib/gcc/aarch64-none-elf/15.1.0/../../../../aarch64-none-elf/lib/pic/libg.a(libc_a-aligned_alloc.o)
                0x0000000000012a00                aligned_alloc
 *fill*         0x0000000000012a2c       0x14 
 .text._puts_r  0x0000000000012a40       0xd4 /opt/devkitpro/devkitA64/bin/../lib/gcc/aarch64-none-elf/15.1.0/../../../../aarch64-none-elf/lib/pic/libg.a(libc_a-puts.o)
                0x0000000000012a40                _puts_r
 *fill*         0x0000000000012b14        0xc 
 .text.puts     0x0000000000012b20       0x1c /opt/devkitpro/devkitA64/bin/../lib/gcc/aarch64-none-elf/15.1.0/../../../../aarch64-none-elf/lib/pic/libg.a(libc_a-puts.o)
                0x0000000000012b20                puts
 *fill*         0x0000000000012b3c        0x4 
 .text          0x0000000000012b40      0x22c /opt/devkitpro/devkitA64/bin/../lib/gcc/aarch64-none-elf/15.1.0/../../../../aarch64-none-elf/lib/pic/libg.a(libc_a-memcpy.o)
                0x0000000000012b40                memmove
                0x0000000000012b40                memcpy
 *fill*         0x0000000000012d6c       0x14 
 .text._malloc_r
                0x0000000000012d80      0x840 /opt/devkitpro/devkitA64/bin/../lib/gcc/aarch64-none-elf/15.1.0/../../../../aarch64-none-elf/lib/pic/libg.a(libc_a-mallocr.o)
                0x0000000000012d80                _malloc_r
 .text._malloc_trim_r
                0x00000000000135c0      0x11c /opt/devkitpro/devkitA64/bin/../lib/gcc/aarch64-none-elf/15.1.0/../../../../aarch64-none-elf/lib/pic/libg.a(libc_a-freer.o)
                0x00000000000135c0                _malloc_trim_r
 *fill*         0x00000000000136dc        0x4 
 .text._free_r  0x00000000000136e0      0x2d8 /opt/devkitpro/devkitA64/bin/../lib/gcc/aarch64-none-elf/15.1.0/../../../../aarch64-none-elf/lib/pic/libg.a(libc_a-freer.o)
                0x00000000000136e0                _free_r
 *fill*         0x00000000000139b8        0x8 
 .text.malloc   0x00000000000139c0       0x38 /opt/devkitpro/devkitA64/bin/../lib/gcc/aarch64-none-elf/15.1.0/../../../../aarch64-none-elf/lib/pic/libg.a(libc_a-malloc.o)
                0x00000000000139c0                malloc
 *fill*         0x00000000000139f8        0x8 
 .text.free     0x0000000000013a00       0x1c /opt/devkitpro/devkitA64/bin/../lib/gcc/aarch64-none-elf/15.1.0/../../../../aarch64-none-elf/lib/pic/libg.a(libc_a-malloc.o)
                0x0000000000013a00                free
 *fill*         0x0000000000013a1c        0x4 
 .text.gmtime   0x0000000000013a20       0x28 /opt/devkitpro/devkitA64/bin/../lib/gcc/aarch64-none-elf/15.1.0/../../../../aarch64-none-elf/lib/pic/libg.a(libc_a-gmtime.o)
                0x0000000000013a20                gmtime
 *fill*         0x0000000000013a48       0x38 
 .text          0x0000000000013a80      0x130 /opt/devkitpro/devkitA64/bin/../lib/gcc/aarch64-none-elf/15.1.0/../../../../aarch64-none-elf/lib/pic/libg.a(libc_a-strlen.o)
                0x0000000000013a80                strlen
 *fill*         0x0000000000013bb0       0x10 
 .text          0x0000000000013bc0       0xb8 /opt/devkitpro/devkitA64/bin/../lib/gcc/aarch64-none-elf/15.1.0/../../../../aarch64-none-elf/lib/pic/libg.a(libc_a-strnlen.o)
                0x0000000000013bc0                strnlen
 *fill*         0x0000000000013c78        0x8 
 .text.__malloc_lock
                0x0000000000013c80        0xc /opt/devkitpro/devkitA64/bin/../lib/gcc/aarch64-none-elf/15.1.0/../../../../aarch64-none-elf/lib/pic/libg.a(libc_a-mlock.o)
                0x0000000000013c80                __malloc_lock
 *fill*         0x0000000000013c8c       0x14 
 .text.__malloc_unlock
                0x0000000000013ca0        0xc /opt/devkitpro/devkitA64/bin/../lib/gcc/aarch64-none-elf/15.1.0/../../../../aarch64-none-elf/lib/pic/libg.a(libc_a-mlock.o)
                0x0000000000013ca0                __malloc_unlock
 *fill*         0x0000000000013cac       0x14 
 .text._setenv_r
                0x0000000000013cc0      0x258 /opt/devkitpro/devkitA64/bin/../lib/gcc/aarch64-none-elf/15.1.0/../../../../aarch64-none-elf/lib/pic/libg.a(libc_a-setenv_r.o)
                0x0000000000013cc0                _setenv_r
 *fill*         0x0000000000013f18        0x8 
 .text.__call_exitprocs
                0x0000000000013f20        0x4 /opt/devkitpro/devkitA64/bin/../lib/gcc/aarch64-none-elf/15.1.0/../../../../aarch64-none-elf/lib/pic/libg.a(libc_a-exit.o)
                0x0000000000013f20                __call_exitprocs
 *fill*         0x0000000000013f24       0x1c 
 .text.setvbuf  0x0000000000013f40      0x278 /opt/devkitpro/devkitA64/bin/../lib/gcc/aarch64-none-elf/15.1.0/../../../../aarch64-none-elf/lib/pic/libg.a(libc_a-setvbuf.o)
                0x0000000000013f40                setvbuf
 *fill*         0x00000000000141b8        0x8 
 .text.strncpy  0x00000000000141c0       0xac /opt/devkitpro/devkitA64/bin/../lib/gcc/aarch64-none-elf/15.1.0/../../../../aarch64-none-elf/lib/pic/libg.a(libc_a-strncpy.o)
                0x00000000000141c0                strncpy
 *fill*         0x000000000001426c       0x14 
 .text.sscanf   0x0000000000014280       0xb0 /opt/devkitpro/devkitA64/bin/../lib/gcc/aarch64-none-elf/15.1.0/../../../../aarch64-none-elf/lib/pic/libg.a(libc_a-sscanf.o)
                0x0000000000014280                sscanf
 *fill*         0x0000000000014330       0x10 
 .text.__sfvwrite_r
                0x0000000000014340      0x4a4 /opt/devkitpro/devkitA64/bin/../lib/gcc/aarch64-none-elf/15.1.0/../../../../aarch64-none-elf/lib/pic/libg.a(libc_a-fvwrite.o)
                0x0000000000014340                __sfvwrite_r
 *fill*         0x00000000000147e4       0x1c 
 .text.__sread  0x0000000000014800       0x4c /opt/devkitpro/devkitA64/bin/../lib/gcc/aarch64-none-elf/15.1.0/../../../../aarch64-none-elf/lib/pic/libg.a(libc_a-stdio.o)
                0x0000000000014800                __sread
 *fill*         0x000000000001484c       0x14 
 .text.__seofread
                0x0000000000014860        0x8 /opt/devkitpro/devkitA64/bin/../lib/gcc/aarch64-none-elf/15.1.0/../../../../aarch64-none-elf/lib/pic/libg.a(libc_a-stdio.o)
                0x0000000000014860                __seofread
 *fill*         0x0000000000014868       0x18 
 .text.__swrite
                0x0000000000014880       0x70 /opt/devkitpro/devkitA64/bin/../lib/gcc/aarch64-none-elf/15.1.0/../../../../aarch64-none-elf/lib/pic/libg.a(libc_a-stdio.o)
                0x0000000000014880                __swrite
 *fill*         0x00000000000148f0       0x10 
 .text.__sseek  0x0000000000014900       0x50 /opt/devkitpro/devkitA64/bin/../lib/gcc/aarch64-none-elf/15.1.0/../../../../aarch64-none-elf/lib/pic/libg.a(libc_a-stdio.o)
                0x0000000000014900                __sseek
 *fill*         0x0000000000014950       0x10 
 .text.__sclose
                0x0000000000014960        0x8 /opt/devkitpro/devkitA64/bin/../lib/gcc/aarch64-none-elf/15.1.0/../../../../aarch64-none-elf/lib/pic/libg.a(libc_a-stdio.o)
                0x0000000000014960                __sclose
 *fill*         0x0000000000014968       0x18 
 .text.__env_lock
                0x0000000000014980        0xc /opt/devkitpro/devkitA64/bin/../lib/gcc/aarch64-none-elf/15.1.0/../../../../aarch64-none-elf/lib/pic/libg.a(libc_a-envlock.o)
                0x0000000000014980                __env_lock
 *fill*         0x000000000001498c       0x14 
 .text.__env_unlock
                0x00000000000149a0        0xc /opt/devkitpro/devkitA64/bin/../lib/gcc/aarch64-none-elf/15.1.0/../../../../aarch64-none-elf/lib/pic/libg.a(libc_a-envlock.o)
                0x00000000000149a0                __env_unlock
 *fill*         0x00000000000149ac       0x14 
 .text._fclose_r
                0x00000000000149c0      0x130 /opt/devkitpro/devkitA64/bin/../lib/gcc/aarch64-none-elf/15.1.0/../../../../aarch64-none-elf/lib/pic/libg.a(libc_a-fclose.o)
                0x00000000000149c0                _fclose_r
 *fill*         0x0000000000014af0       0x10 
 .text.gmtime_r
                0x0000000000014b00      0x2a0 /opt/devkitpro/devkitA64/bin/../lib/gcc/aarch64-none-elf/15.1.0/../../../../aarch64-none-elf/lib/pic/libg.a(libc_a-gmtime_r.o)
                0x0000000000014b00                gmtime_r
 .text._memalign_r
                0x0000000000014da0      0x18c /opt/devkitpro/devkitA64/bin/../lib/gcc/aarch64-none-elf/15.1.0/../../../../aarch64-none-elf/lib/pic/libg.a(libc_a-malignr.o)
                0x0000000000014da0                _memalign_r
 *fill*         0x0000000000014f2c       0x14 
 .text          0x0000000000014f40       0xcc /opt/devkitpro/devkitA64/bin/../lib/gcc/aarch64-none-elf/15.1.0/../../../../aarch64-none-elf/lib/pic/libg.a(libc_a-strchr.o)
                0x0000000000014f40                strchr
 *fill*         0x000000000001500c       0x14 
 .text.__libc_fini_array
                0x0000000000015020       0x44 /opt/devkitpro/devkitA64/bin/../lib/gcc/aarch64-none-elf/15.1.0/../../../../aarch64-none-elf/lib/pic/libg.a(libc_a-fini.o)
                0x0000000000015020                __libc_fini_array
 *fill*         0x0000000000015064       0x1c 
 .text.__sflush_r
                0x0000000000015080      0x1ec /opt/devkitpro/devkitA64/bin/../lib/gcc/aarch64-none-elf/15.1.0/../../../../aarch64-none-elf/lib/pic/libg.a(libc_a-fflush.o)
                0x0000000000015080                __sflush_r
 *fill*         0x000000000001526c       0x14 
 .text._fflush_r
                0x0000000000015280       0xbc /opt/devkitpro/devkitA64/bin/../lib/gcc/aarch64-none-elf/15.1.0/../../../../aarch64-none-elf/lib/pic/libg.a(libc_a-fflush.o)
                0x0000000000015280                _fflush_r
 *fill*         0x000000000001533c        0x4 
 .text.__swhatbuf_r
                0x0000000000015340       0xb0 /opt/devkitpro/devkitA64/bin/../lib/gcc/aarch64-none-elf/15.1.0/../../../../aarch64-none-elf/lib/pic/libg.a(libc_a-makebuf.o)
                0x0000000000015340                __swhatbuf_r
 *fill*         0x00000000000153f0       0x10 
 .text.__smakebuf_r
                0x0000000000015400       0xe8 /opt/devkitpro/devkitA64/bin/../lib/gcc/aarch64-none-elf/15.1.0/../../../../aarch64-none-elf/lib/pic/libg.a(libc_a-makebuf.o)
                0x0000000000015400                __smakebuf_r
 *fill*         0x00000000000154e8       0x18 
 .text._findenv_r
                0x0000000000015500       0xf4 /opt/devkitpro/devkitA64/bin/../lib/gcc/aarch64-none-elf/15.1.0/../../../../aarch64-none-elf/lib/pic/libg.a(libc_a-getenv_r.o)
                0x0000000000015500                _findenv_r
 *fill*         0x00000000000155f4        0xc 
 .text._realloc_r
                0x0000000000015600      0x568 /opt/devkitpro/devkitA64/bin/../lib/gcc/aarch64-none-elf/15.1.0/../../../../aarch64-none-elf/lib/pic/libg.a(libc_a-reallocr.o)
                0x0000000000015600                _realloc_r
 .text.get_arg  0x0000000000015b68       0x74 /opt/devkitpro/devkitA64/bin/../lib/gcc/aarch64-none-elf/15.1.0/../../../../aarch64-none-elf/lib/pic/libg.a(libc_a-svfscanf.o)
 .text.__ssvfscanf_r
                0x0000000000015bdc     0x3260 /opt/devkitpro/devkitA64/bin/../lib/gcc/aarch64-none-elf/15.1.0/../../../../aarch64-none-elf/lib/pic/libg.a(libc_a-svfscanf.o)
                0x0000000000015bdc                __ssvfscanf_r
 *fill*         0x0000000000018e3c        0x4 
 .text._strtoull_l.isra.0
                0x0000000000018e40      0x1a4 /opt/devkitpro/devkitA64/bin/../lib/gcc/aarch64-none-elf/15.1.0/../../../../aarch64-none-elf/lib/pic/libg.a(libc_a-strtoull.o)
 *fill*         0x0000000000018fe4       0x1c 
 .text._strtoull_r
                0x0000000000019000       0x34 /opt/devkitpro/devkitA64/bin/../lib/gcc/aarch64-none-elf/15.1.0/../../../../aarch64-none-elf/lib/pic/libg.a(libc_a-strtoull.o)
                0x0000000000019000                _strtoull_r
 *fill*         0x0000000000019034        0xc 
 .text._mbrtowc_r
                0x0000000000019040       0xd8 /opt/devkitpro/devkitA64/bin/../lib/gcc/aarch64-none-elf/15.1.0/../../../../aarch64-none-elf/lib/pic/libg.a(libc_a-mbrtowc.o)
                0x0000000000019040                _mbrtowc_r
 *fill*         0x0000000000019118        0x8 
 .text.__swsetup_r
                0x0000000000019120      0x12c /opt/devkitpro/devkitA64/bin/../lib/gcc/aarch64-none-elf/15.1.0/../../../../aarch64-none-elf/lib/pic/libg.a(libc_a-wsetup.o)
                0x0000000000019120                __swsetup_r
 *fill*         0x000000000001924c       0x14 
 .text.nanf     0x0000000000019260        0xc /opt/devkitpro/devkitA64/bin/../lib/gcc/aarch64-none-elf/15.1.0/../../../../aarch64-none-elf/lib/pic/libg.a(libm_a-sf_nan.o)
                0x0000000000019260                nanf
 *fill*         0x000000000001926c       0x14 
 .text._strtoll_l.isra.0
                0x0000000000019280      0x2c0 /opt/devkitpro/devkitA64/bin/../lib/gcc/aarch64-none-elf/15.1.0/../../../../aarch64-none-elf/lib/pic/libg.a(libc_a-strtoll.o)
 .text._strtoll_r
                0x0000000000019540       0x34 /opt/devkitpro/devkitA64/bin/../lib/gcc/aarch64-none-elf/15.1.0/../../../../aarch64-none-elf/lib/pic/libg.a(libc_a-strtoll.o)
                0x0000000000019540                _strtoll_r
 *fill*         0x0000000000019574        0xc 
 .text.__locale_mb_cur_max
                0x0000000000019580       0x2c /opt/devkitpro/devkitA64/bin/../lib/gcc/aarch64-none-elf/15.1.0/../../../../aarch64-none-elf/lib/pic/libg.a(libc_a-locale.o)
                0x0000000000019580                __locale_mb_cur_max
 *fill*         0x00000000000195ac       0x14 
 .text.sulp     0x00000000000195c0       0x58 /opt/devkitpro/devkitA64/bin/../lib/gcc/aarch64-none-elf/15.1.0/../../../../aarch64-none-elf/lib/pic/libg.a(libc_a-strtod.o)
 *fill*         0x0000000000019618        0x8 
 .text._strtod_l
                0x0000000000019620     0x12f4 /opt/devkitpro/devkitA64/bin/../lib/gcc/aarch64-none-elf/15.1.0/../../../../aarch64-none-elf/lib/pic/libg.a(libc_a-strtod.o)
                0x0000000000019620                _strtod_l
 *fill*         0x000000000001a914        0xc 
 .text._strtod_r
                0x000000000001a920       0x40 /opt/devkitpro/devkitA64/bin/../lib/gcc/aarch64-none-elf/15.1.0/../../../../aarch64-none-elf/lib/pic/libg.a(libc_a-strtod.o)
                0x000000000001a920                _strtod_r
 .text._sungetc_r
                0x000000000001a960       0xf0 /opt/devkitpro/devkitA64/bin/../lib/gcc/aarch64-none-elf/15.1.0/../../../../aarch64-none-elf/lib/pic/libg.a(libc_a-svfiscanf.o)
                0x000000000001a960                _sungetc_r
 .text.__ssrefill_r
                0x000000000001aa50       0x70 /opt/devkitpro/devkitA64/bin/../lib/gcc/aarch64-none-elf/15.1.0/../../../../aarch64-none-elf/lib/pic/libg.a(libc_a-svfiscanf.o)
                0x000000000001aa50                __ssrefill_r
 .text._sfread_r
                0x000000000001aac0       0xdc /opt/devkitpro/devkitA64/bin/../lib/gcc/aarch64-none-elf/15.1.0/../../../../aarch64-none-elf/lib/pic/libg.a(libc_a-svfiscanf.o)
                0x000000000001aac0                _sfread_r
 *fill*         0x000000000001ab9c        0x4 
 .text.rshift   0x000000000001aba0      0x110 /opt/devkitpro/devkitA64/bin/../lib/gcc/aarch64-none-elf/15.1.0/../../../../aarch64-none-elf/lib/pic/libg.a(libc_a-gdtoa-gethex.o)
 *fill*         0x000000000001acb0       0x10 
 .text.__gethex
                0x000000000001acc0      0x860 /opt/devkitpro/devkitA64/bin/../lib/gcc/aarch64-none-elf/15.1.0/../../../../aarch64-none-elf/lib/pic/libg.a(libc_a-gdtoa-gethex.o)
                0x000000000001acc0                __gethex
 .text.sprintf  0x000000000001b520       0x9c /opt/devkitpro/devkitA64/bin/../lib/gcc/aarch64-none-elf/15.1.0/../../../../aarch64-none-elf/lib/pic/libg.a(libc_a-sprintf.o)
                0x000000000001b520                sprintf
 *fill*         0x000000000001b5bc        0x4 
 .text.__utf8_mbtowc
                0x000000000001b5c0      0x2dc /opt/devkitpro/devkitA64/bin/../lib/gcc/aarch64-none-elf/15.1.0/../../../../aarch64-none-elf/lib/pic/libg.a(libc_a-mbtowc_r.o)
                0x000000000001b5c0                __utf8_mbtowc
 *fill*         0x000000000001b89c        0x4 
 .text.iswspace
                0x000000000001b8a0        0x8 /opt/devkitpro/devkitA64/bin/../lib/gcc/aarch64-none-elf/15.1.0/../../../../aarch64-none-elf/lib/pic/libg.a(libc_a-iswspace.o)
                0x000000000001b8a0                iswspace
 *fill*         0x000000000001b8a8       0x18 
 .text.__localeconv_l
                0x000000000001b8c0        0x8 /opt/devkitpro/devkitA64/bin/../lib/gcc/aarch64-none-elf/15.1.0/../../../../aarch64-none-elf/lib/pic/libg.a(libc_a-localeconv.o)
                0x000000000001b8c0                __localeconv_l
 *fill*         0x000000000001b8c8       0x18 
 .text._localeconv_r
                0x000000000001b8e0       0x28 /opt/devkitpro/devkitA64/bin/../lib/gcc/aarch64-none-elf/15.1.0/../../../../aarch64-none-elf/lib/pic/libg.a(libc_a-localeconv.o)
                0x000000000001b8e0                _localeconv_r
 *fill*         0x000000000001b908       0x18 
 .text.realloc  0x000000000001b920       0x2c /opt/devkitpro/devkitA64/bin/../lib/gcc/aarch64-none-elf/15.1.0/../../../../aarch64-none-elf/lib/pic/libg.a(libc_a-realloc.o)
                0x000000000001b920                realloc
 .text.get_arg  0x000000000001b94c      0x790 /opt/devkitpro/devkitA64/bin/../lib/gcc/aarch64-none-elf/15.1.0/../../../../aarch64-none-elf/lib/pic/libg.a(libc_a-svfprintf.o)
 .text._svfprintf_r
                0x000000000001c0dc     0x3a84 /opt/devkitpro/devkitA64/bin/../lib/gcc/aarch64-none-elf/15.1.0/../../../../aarch64-none-elf/lib/pic/libg.a(libc_a-svfprintf.o)
                0x000000000001c0dc                _svfprintf_r
 .text._strtol_l.part.0
                0x000000000001fb60      0x2c0 /opt/devkitpro/devkitA64/bin/../lib/gcc/aarch64-none-elf/15.1.0/../../../../aarch64-none-elf/lib/pic/libg.a(libc_a-strtol.o)
 .text._strtol_r
                0x000000000001fe20       0x70 /opt/devkitpro/devkitA64/bin/../lib/gcc/aarch64-none-elf/15.1.0/../../../../aarch64-none-elf/lib/pic/libg.a(libc_a-strtol.o)
                0x000000000001fe20                _strtol_r
 *fill*         0x000000000001fe90       0x10 
 .text.__sccl   0x000000000001fea0       0xd0 /opt/devkitpro/devkitA64/bin/../lib/gcc/aarch64-none-elf/15.1.0/../../../../aarch64-none-elf/lib/pic/libg.a(libc_a-sccl.o)
                0x000000000001fea0                __sccl
 *fill*         0x000000000001ff70       0x10 
 .text.stpncpy  0x000000000001ff80       0xac /opt/devkitpro/devkitA64/bin/../lib/gcc/aarch64-none-elf/15.1.0/../../../../aarch64-none-elf/lib/pic/libg.a(libc_a-stpncpy.o)
                0x000000000001ff80                stpncpy
 *fill*         0x000000000002002c       0x14 
 .text.__utf8_wctomb
                0x0000000000020040       0xe0 /opt/devkitpro/devkitA64/bin/../lib/gcc/aarch64-none-elf/15.1.0/../../../../aarch64-none-elf/lib/pic/libg.a(libc_a-wctomb_r.o)
                0x0000000000020040                __utf8_wctomb
 .text._wcsrtombs_r
                0x0000000000020120       0x10 /opt/devkitpro/devkitA64/bin/../lib/gcc/aarch64-none-elf/15.1.0/../../../../aarch64-none-elf/lib/pic/libg.a(libc_a-wcsrtombs.o)
                0x0000000000020120                _wcsrtombs_r
 *fill*         0x0000000000020130       0x10 
 .text.__match  0x0000000000020140       0x48 /opt/devkitpro/devkitA64/bin/../lib/gcc/aarch64-none-elf/15.1.0/../../../../aarch64-none-elf/lib/pic/libg.a(libc_a-gdtoa-hexnan.o)
                0x0000000000020140                __match
 *fill*         0x0000000000020188       0x18 
 .text.__hexnan
                0x00000000000201a0      0x25c /opt/devkitpro/devkitA64/bin/../lib/gcc/aarch64-none-elf/15.1.0/../../../../aarch64-none-elf/lib/pic/libg.a(libc_a-gdtoa-hexnan.o)
                0x00000000000201a0                __hexnan
 *fill*         0x00000000000203fc        0x4 
 .text.nan      0x0000000000020400        0xc /opt/devkitpro/devkitA64/bin/../lib/gcc/aarch64-none-elf/15.1.0/../../../../aarch64-none-elf/lib/pic/libg.a(libm_a-s_nan.o)
                0x0000000000020400                nan
 *fill*         0x000000000002040c       0x14 
 .text.frexp    0x0000000000020420       0x7c /opt/devkitpro/devkitA64/bin/../lib/gcc/aarch64-none-elf/15.1.0/../../../../aarch64-none-elf/lib/pic/libg.a(libm_a-s_frexp.o)
                0x0000000000020420                frexp
 *fill*         0x000000000002049c        0x4 
 .text.__assert_func
                0x00000000000204a0       0x64 /opt/devkitpro/devkitA64/bin/../lib/gcc/aarch64-none-elf/15.1.0/../../../../aarch64-none-elf/lib/pic/libg.a(libc_a-assert.o)
                0x00000000000204a0                __assert_func
 *fill*         0x0000000000020504       0x1c 
 .text.iswspace_l
                0x0000000000020520       0x48 /opt/devkitpro/devkitA64/bin/../lib/gcc/aarch64-none-elf/15.1.0/../../../../aarch64-none-elf/lib/pic/libg.a(libc_a-iswspace_l.o)
                0x0000000000020520                iswspace_l
 *fill*         0x0000000000020568       0x18 
 .text._Balloc  0x0000000000020580       0xa4 /opt/devkitpro/devkitA64/bin/../lib/gcc/aarch64-none-elf/15.1.0/../../../../aarch64-none-elf/lib/pic/libg.a(libc_a-mprec.o)
                0x0000000000020580                _Balloc
 *fill*         0x0000000000020624       0x1c 
 .text._Bfree   0x0000000000020640       0x20 /opt/devkitpro/devkitA64/bin/../lib/gcc/aarch64-none-elf/15.1.0/../../../../aarch64-none-elf/lib/pic/libg.a(libc_a-mprec.o)
                0x0000000000020640                _Bfree
 .text.__multadd
                0x0000000000020660      0x118 /opt/devkitpro/devkitA64/bin/../lib/gcc/aarch64-none-elf/15.1.0/../../../../aarch64-none-elf/lib/pic/libg.a(libc_a-mprec.o)
                0x0000000000020660                __multadd
 *fill*         0x0000000000020778        0x8 
 .text.__s2b    0x0000000000020780      0x144 /opt/devkitpro/devkitA64/bin/../lib/gcc/aarch64-none-elf/15.1.0/../../../../aarch64-none-elf/lib/pic/libg.a(libc_a-mprec.o)
                0x0000000000020780                __s2b
 *fill*         0x00000000000208c4       0x1c 
 .text.__hi0bits
                0x00000000000208e0       0x94 /opt/devkitpro/devkitA64/bin/../lib/gcc/aarch64-none-elf/15.1.0/../../../../aarch64-none-elf/lib/pic/libg.a(libc_a-mprec.o)
                0x00000000000208e0                __hi0bits
 *fill*         0x0000000000020974        0xc 
 .text.__lo0bits